DEBUG - 2025-05-17 01:59:49 --> Session: Class initialized using 'CodeIgniter\Session\Handlers\FileHandler' driver.
DEBUG - 2025-05-17 01:59:50 --> Session: Class initialized using 'CodeIgniter\Session\Handlers\FileHandler' driver.
DEBUG - 2025-05-17 02:00:02 --> Session: Class initialized using 'CodeIgniter\Session\Handlers\FileHandler' driver.
DEBUG - 2025-05-17 02:00:02 --> Session: Class initialized using 'CodeIgniter\Session\Handlers\FileHandler' driver.
DEBUG - 2025-05-17 02:00:06 --> Session: Class initialized using 'CodeIgniter\Session\Handlers\FileHandler' driver.
DEBUG - 2025-05-17 02:00:09 --> Session: Class initialized using 'CodeIgniter\Session\Handlers\FileHandler' driver.
DEBUG - 2025-05-17 02:00:09 --> Session: Class initialized using 'CodeIgniter\Session\Handlers\FileHandler' driver.
DEBUG - 2025-05-17 02:13:17 --> Session: Class initialized using 'CodeIgniter\Session\Handlers\FileHandler' driver.
DEBUG - 2025-05-17 02:13:19 --> Session: Class initialized using 'CodeIgniter\Session\Handlers\FileHandler' driver.
DEBUG - 2025-05-17 02:13:19 --> Session: Class initialized using 'CodeIgniter\Session\Handlers\FileHandler' driver.
DEBUG - 2025-05-17 02:13:24 --> Session: Class initialized using 'CodeIgniter\Session\Handlers\FileHandler' driver.
DEBUG - 2025-05-17 02:13:43 --> Session: Class initialized using 'CodeIgniter\Session\Handlers\FileHandler' driver.
DEBUG - 2025-05-17 02:13:54 --> Session: Class initialized using 'CodeIgniter\Session\Handlers\FileHandler' driver.
DEBUG - 2025-05-17 02:14:10 --> Session: Class initialized using 'CodeIgniter\Session\Handlers\FileHandler' driver.
DEBUG - 2025-05-17 02:14:12 --> Session: Class initialized using 'CodeIgniter\Session\Handlers\FileHandler' driver.
DEBUG - 2025-05-17 02:14:17 --> Session: Class initialized using 'CodeIgniter\Session\Handlers\FileHandler' driver.
DEBUG - 2025-05-17 02:14:17 --> Session: Class initialized using 'CodeIgniter\Session\Handlers\FileHandler' driver.
DEBUG - 2025-05-17 02:14:22 --> Session: Class initialized using 'CodeIgniter\Session\Handlers\FileHandler' driver.
DEBUG - 2025-05-17 02:14:40 --> Session: Class initialized using 'CodeIgniter\Session\Handlers\FileHandler' driver.
DEBUG - 2025-05-17 02:14:40 --> Session: Class initialized using 'CodeIgniter\Session\Handlers\FileHandler' driver.
DEBUG - 2025-05-17 02:14:48 --> Session: Class initialized using 'CodeIgniter\Session\Handlers\FileHandler' driver.
DEBUG - 2025-05-17 02:14:48 --> Session: Class initialized using 'CodeIgniter\Session\Handlers\FileHandler' driver.
DEBUG - 2025-05-17 02:17:39 --> Session: Class initialized using 'CodeIgniter\Session\Handlers\FileHandler' driver.
DEBUG - 2025-05-17 02:17:44 --> Session: Class initialized using 'CodeIgniter\Session\Handlers\FileHandler' driver.
DEBUG - 2025-05-17 02:17:44 --> Session: Class initialized using 'CodeIgniter\Session\Handlers\FileHandler' driver.
DEBUG - 2025-05-17 02:17:50 --> Session: Class initialized using 'CodeIgniter\Session\Handlers\FileHandler' driver.
DEBUG - 2025-05-17 02:17:50 --> Session: Class initialized using 'CodeIgniter\Session\Handlers\FileHandler' driver.
DEBUG - 2025-05-17 02:17:55 --> Session: Class initialized using 'CodeIgniter\Session\Handlers\FileHandler' driver.
DEBUG - 2025-05-17 02:17:55 --> Session: Class initialized using 'CodeIgniter\Session\Handlers\FileHandler' driver.
DEBUG - 2025-05-17 02:17:58 --> Session: Class initialized using 'CodeIgniter\Session\Handlers\FileHandler' driver.
DEBUG - 2025-05-17 02:18:09 --> Session: Class initialized using 'CodeIgniter\Session\Handlers\FileHandler' driver.
DEBUG - 2025-05-17 02:18:09 --> Session: Class initialized using 'CodeIgniter\Session\Handlers\FileHandler' driver.
DEBUG - 2025-05-17 02:19:21 --> Session: Class initialized using 'CodeIgniter\Session\Handlers\FileHandler' driver.
DEBUG - 2025-05-17 02:19:42 --> Session: Class initialized using 'CodeIgniter\Session\Handlers\FileHandler' driver.
DEBUG - 2025-05-17 02:19:42 --> Session: Class initialized using 'CodeIgniter\Session\Handlers\FileHandler' driver.
DEBUG - 2025-05-17 02:20:00 --> Session: Class initialized using 'CodeIgniter\Session\Handlers\FileHandler' driver.
DEBUG - 2025-05-17 02:29:07 --> Session: Class initialized using 'CodeIgniter\Session\Handlers\FileHandler' driver.
DEBUG - 2025-05-17 02:29:08 --> Session: Class initialized using 'CodeIgniter\Session\Handlers\FileHandler' driver.
DEBUG - 2025-05-17 02:29:10 --> Session: Class initialized using 'CodeIgniter\Session\Handlers\FileHandler' driver.
CRITICAL - 2025-05-17 02:29:10 --> ErrorException: Undefined array key "kode_person"
[Method: GET, Route: datapengguna]
in APPPATH\Views\man_pengguna\v_man_pengguna.php on line 36.
 1 APPPATH\Views\man_pengguna\v_man_pengguna.php(36): CodeIgniter\Debug\Exceptions->errorHandler(2, 'Undefined array key "kode_person"', 'D:\\wamp64\\www\\app_sekolah\\app\\Views\\man_pengguna\\v_man_pengguna.php', 36)
 2 SYSTEMPATH\View\View.php(224): include('D:\\wamp64\\www\\app_sekolah\\app\\Views\\man_pengguna\\v_man_pengguna.php')
 3 SYSTEMPATH\View\View.php(227): CodeIgniter\View\View->CodeIgniter\View\{closure}()
 4 SYSTEMPATH\Common.php(1173): CodeIgniter\View\View->render('man_pengguna/v_man_pengguna', [], true)
 5 APPPATH\Controllers\Man_pengguna.php(27): view('man_pengguna/v_man_pengguna', [...])
 6 SYSTEMPATH\CodeIgniter.php(933): App\Controllers\Man_pengguna->index()
 7 SYSTEMPATH\CodeIgniter.php(507): CodeIgniter\CodeIgniter->runController(Object(App\Controllers\Man_pengguna))
 8 SYSTEMPATH\CodeIgniter.php(354): CodeIgniter\CodeIgniter->handleRequest(null, Object(Config\Cache), false)
 9 SYSTEMPATH\Boot.php(334): CodeIgniter\CodeIgniter->run()
10 SYSTEMPATH\Boot.php(67): CodeIgniter\Boot::runCodeIgniter(Object(CodeIgniter\CodeIgniter))
11 FCPATH\index.php(59): CodeIgniter\Boot::bootWeb(Object(Config\Paths))
12 SYSTEMPATH\rewrite.php(44): require_once('D:\\wamp64\\www\\app_sekolah\\public\\index.php')
DEBUG - 2025-05-17 02:30:20 --> Session: Class initialized using 'CodeIgniter\Session\Handlers\FileHandler' driver.
CRITICAL - 2025-05-17 02:30:20 --> ErrorException: Undefined array key "kode_person"
[Method: GET, Route: datapengguna]
in APPPATH\Views\man_pengguna\v_man_pengguna.php on line 36.
 1 APPPATH\Views\man_pengguna\v_man_pengguna.php(36): CodeIgniter\Debug\Exceptions->errorHandler(2, 'Undefined array key "kode_person"', 'D:\\wamp64\\www\\app_sekolah\\app\\Views\\man_pengguna\\v_man_pengguna.php', 36)
 2 SYSTEMPATH\View\View.php(224): include('D:\\wamp64\\www\\app_sekolah\\app\\Views\\man_pengguna\\v_man_pengguna.php')
 3 SYSTEMPATH\View\View.php(227): CodeIgniter\View\View->CodeIgniter\View\{closure}()
 4 SYSTEMPATH\Common.php(1173): CodeIgniter\View\View->render('man_pengguna/v_man_pengguna', [], true)
 5 APPPATH\Controllers\Man_pengguna.php(27): view('man_pengguna/v_man_pengguna', [...])
 6 SYSTEMPATH\CodeIgniter.php(933): App\Controllers\Man_pengguna->index()
 7 SYSTEMPATH\CodeIgniter.php(507): CodeIgniter\CodeIgniter->runController(Object(App\Controllers\Man_pengguna))
 8 SYSTEMPATH\CodeIgniter.php(354): CodeIgniter\CodeIgniter->handleRequest(null, Object(Config\Cache), false)
 9 SYSTEMPATH\Boot.php(334): CodeIgniter\CodeIgniter->run()
10 SYSTEMPATH\Boot.php(67): CodeIgniter\Boot::runCodeIgniter(Object(CodeIgniter\CodeIgniter))
11 FCPATH\index.php(59): CodeIgniter\Boot::bootWeb(Object(Config\Paths))
12 SYSTEMPATH\rewrite.php(44): require_once('D:\\wamp64\\www\\app_sekolah\\public\\index.php')
DEBUG - 2025-05-17 02:31:25 --> Session: Class initialized using 'CodeIgniter\Session\Handlers\FileHandler' driver.
DEBUG - 2025-05-17 02:31:57 --> Session: Class initialized using 'CodeIgniter\Session\Handlers\FileHandler' driver.
DEBUG - 2025-05-17 02:35:25 --> Session: Class initialized using 'CodeIgniter\Session\Handlers\FileHandler' driver.
CRITICAL - 2025-05-17 02:35:25 --> ErrorException: Undefined array key "active_sekolah"
[Method: GET, Route: datapengguna]
in APPPATH\Views\man_pengguna\v_man_pengguna.php on line 96.
 1 APPPATH\Views\man_pengguna\v_man_pengguna.php(96): CodeIgniter\Debug\Exceptions->errorHandler(2, 'Undefined array key "active_sekolah"', 'D:\\wamp64\\www\\app_sekolah\\app\\Views\\man_pengguna\\v_man_pengguna.php', 96)
 2 SYSTEMPATH\View\View.php(224): include('D:\\wamp64\\www\\app_sekolah\\app\\Views\\man_pengguna\\v_man_pengguna.php')
 3 SYSTEMPATH\View\View.php(227): CodeIgniter\View\View->CodeIgniter\View\{closure}()
 4 SYSTEMPATH\Common.php(1173): CodeIgniter\View\View->render('man_pengguna/v_man_pengguna', [], true)
 5 APPPATH\Controllers\Man_pengguna.php(27): view('man_pengguna/v_man_pengguna', [...])
 6 SYSTEMPATH\CodeIgniter.php(933): App\Controllers\Man_pengguna->index()
 7 SYSTEMPATH\CodeIgniter.php(507): CodeIgniter\CodeIgniter->runController(Object(App\Controllers\Man_pengguna))
 8 SYSTEMPATH\CodeIgniter.php(354): CodeIgniter\CodeIgniter->handleRequest(null, Object(Config\Cache), false)
 9 SYSTEMPATH\Boot.php(334): CodeIgniter\CodeIgniter->run()
10 SYSTEMPATH\Boot.php(67): CodeIgniter\Boot::runCodeIgniter(Object(CodeIgniter\CodeIgniter))
11 FCPATH\index.php(59): CodeIgniter\Boot::bootWeb(Object(Config\Paths))
12 SYSTEMPATH\rewrite.php(44): require_once('D:\\wamp64\\www\\app_sekolah\\public\\index.php')
DEBUG - 2025-05-17 02:35:39 --> Session: Class initialized using 'CodeIgniter\Session\Handlers\FileHandler' driver.
CRITICAL - 2025-05-17 02:35:39 --> ErrorException: Undefined array key "active_sekolah"
[Method: GET, Route: datapengguna]
in APPPATH\Views\man_pengguna\v_man_pengguna.php on line 112.
 1 APPPATH\Views\man_pengguna\v_man_pengguna.php(112): CodeIgniter\Debug\Exceptions->errorHandler(2, 'Undefined array key "active_sekolah"', 'D:\\wamp64\\www\\app_sekolah\\app\\Views\\man_pengguna\\v_man_pengguna.php', 112)
 2 SYSTEMPATH\View\View.php(224): include('D:\\wamp64\\www\\app_sekolah\\app\\Views\\man_pengguna\\v_man_pengguna.php')
 3 SYSTEMPATH\View\View.php(227): CodeIgniter\View\View->CodeIgniter\View\{closure}()
 4 SYSTEMPATH\Common.php(1173): CodeIgniter\View\View->render('man_pengguna/v_man_pengguna', [], true)
 5 APPPATH\Controllers\Man_pengguna.php(27): view('man_pengguna/v_man_pengguna', [...])
 6 SYSTEMPATH\CodeIgniter.php(933): App\Controllers\Man_pengguna->index()
 7 SYSTEMPATH\CodeIgniter.php(507): CodeIgniter\CodeIgniter->runController(Object(App\Controllers\Man_pengguna))
 8 SYSTEMPATH\CodeIgniter.php(354): CodeIgniter\CodeIgniter->handleRequest(null, Object(Config\Cache), false)
 9 SYSTEMPATH\Boot.php(334): CodeIgniter\CodeIgniter->run()
10 SYSTEMPATH\Boot.php(67): CodeIgniter\Boot::runCodeIgniter(Object(CodeIgniter\CodeIgniter))
11 FCPATH\index.php(59): CodeIgniter\Boot::bootWeb(Object(Config\Paths))
12 SYSTEMPATH\rewrite.php(44): require_once('D:\\wamp64\\www\\app_sekolah\\public\\index.php')
DEBUG - 2025-05-17 02:35:50 --> Session: Class initialized using 'CodeIgniter\Session\Handlers\FileHandler' driver.
DEBUG - 2025-05-17 02:36:28 --> Session: Class initialized using 'CodeIgniter\Session\Handlers\FileHandler' driver.
DEBUG - 2025-05-17 03:20:26 --> Session: Class initialized using 'CodeIgniter\Session\Handlers\FileHandler' driver.
DEBUG - 2025-05-17 03:20:31 --> Session: Class initialized using 'CodeIgniter\Session\Handlers\FileHandler' driver.
DEBUG - 2025-05-17 03:20:32 --> Session: Class initialized using 'CodeIgniter\Session\Handlers\FileHandler' driver.
DEBUG - 2025-05-17 03:21:11 --> Session: Class initialized using 'CodeIgniter\Session\Handlers\FileHandler' driver.
DEBUG - 2025-05-17 03:21:13 --> Session: Class initialized using 'CodeIgniter\Session\Handlers\FileHandler' driver.
DEBUG - 2025-05-17 03:21:14 --> Session: Class initialized using 'CodeIgniter\Session\Handlers\FileHandler' driver.
DEBUG - 2025-05-17 03:21:32 --> Session: Class initialized using 'CodeIgniter\Session\Handlers\FileHandler' driver.
DEBUG - 2025-05-17 03:22:04 --> Session: Class initialized using 'CodeIgniter\Session\Handlers\FileHandler' driver.
DEBUG - 2025-05-17 03:22:27 --> Session: Class initialized using 'CodeIgniter\Session\Handlers\FileHandler' driver.
DEBUG - 2025-05-17 03:26:25 --> Session: Class initialized using 'CodeIgniter\Session\Handlers\FileHandler' driver.
DEBUG - 2025-05-17 03:29:00 --> Session: Class initialized using 'CodeIgniter\Session\Handlers\FileHandler' driver.
CRITICAL - 2025-05-17 03:29:00 --> ErrorException: Undefined property: App\Controllers\Man_pengguna::$mmms
[Method: GET, Route: datapengguna/createpengguna]
in APPPATH\Controllers\Man_pengguna.php on line 37.
 1 APPPATH\Controllers\Man_pengguna.php(37): CodeIgniter\Debug\Exceptions->errorHandler(2, 'Undefined property: App\\Controllers\\Man_pengguna::$mmms', 'D:\\wamp64\\www\\app_sekolah\\app\\Controllers\\Man_pengguna.php', 37)
 2 SYSTEMPATH\CodeIgniter.php(933): App\Controllers\Man_pengguna->createpengguna()
 3 SYSTEMPATH\CodeIgniter.php(507): CodeIgniter\CodeIgniter->runController(Object(App\Controllers\Man_pengguna))
 4 SYSTEMPATH\CodeIgniter.php(354): CodeIgniter\CodeIgniter->handleRequest(null, Object(Config\Cache), false)
 5 SYSTEMPATH\Boot.php(334): CodeIgniter\CodeIgniter->run()
 6 SYSTEMPATH\Boot.php(67): CodeIgniter\Boot::runCodeIgniter(Object(CodeIgniter\CodeIgniter))
 7 FCPATH\index.php(59): CodeIgniter\Boot::bootWeb(Object(Config\Paths))
 8 SYSTEMPATH\rewrite.php(44): require_once('D:\\wamp64\\www\\app_sekolah\\public\\index.php')
DEBUG - 2025-05-17 03:29:10 --> Session: Class initialized using 'CodeIgniter\Session\Handlers\FileHandler' driver.
CRITICAL - 2025-05-17 03:29:10 --> ErrorException: Undefined array key "id_seko;ah"
[Method: GET, Route: datapengguna/createpengguna]
in APPPATH\Views\man_pengguna\c_man_pengguna.php on line 68.
 1 APPPATH\Views\man_pengguna\c_man_pengguna.php(68): CodeIgniter\Debug\Exceptions->errorHandler(2, 'Undefined array key "id_seko;ah"', 'D:\\wamp64\\www\\app_sekolah\\app\\Views\\man_pengguna\\c_man_pengguna.php', 68)
 2 SYSTEMPATH\View\View.php(224): include('D:\\wamp64\\www\\app_sekolah\\app\\Views\\man_pengguna\\c_man_pengguna.php')
 3 SYSTEMPATH\View\View.php(227): CodeIgniter\View\View->CodeIgniter\View\{closure}()
 4 SYSTEMPATH\Common.php(1173): CodeIgniter\View\View->render('man_pengguna/c_man_pengguna', [], true)
 5 APPPATH\Controllers\Man_pengguna.php(39): view('man_pengguna/c_man_pengguna', [...])
 6 SYSTEMPATH\CodeIgniter.php(933): App\Controllers\Man_pengguna->createpengguna()
 7 SYSTEMPATH\CodeIgniter.php(507): CodeIgniter\CodeIgniter->runController(Object(App\Controllers\Man_pengguna))
 8 SYSTEMPATH\CodeIgniter.php(354): CodeIgniter\CodeIgniter->handleRequest(null, Object(Config\Cache), false)
 9 SYSTEMPATH\Boot.php(334): CodeIgniter\CodeIgniter->run()
10 SYSTEMPATH\Boot.php(67): CodeIgniter\Boot::runCodeIgniter(Object(CodeIgniter\CodeIgniter))
11 FCPATH\index.php(59): CodeIgniter\Boot::bootWeb(Object(Config\Paths))
12 SYSTEMPATH\rewrite.php(44): require_once('D:\\wamp64\\www\\app_sekolah\\public\\index.php')
DEBUG - 2025-05-17 03:29:19 --> Session: Class initialized using 'CodeIgniter\Session\Handlers\FileHandler' driver.
DEBUG - 2025-05-17 03:30:14 --> Session: Class initialized using 'CodeIgniter\Session\Handlers\FileHandler' driver.
DEBUG - 2025-05-17 03:32:23 --> Session: Class initialized using 'CodeIgniter\Session\Handlers\FileHandler' driver.
DEBUG - 2025-05-17 03:40:22 --> Session: Class initialized using 'CodeIgniter\Session\Handlers\FileHandler' driver.
DEBUG - 2025-05-17 03:40:23 --> Session: Class initialized using 'CodeIgniter\Session\Handlers\FileHandler' driver.
DEBUG - 2025-05-17 03:41:16 --> Session: Class initialized using 'CodeIgniter\Session\Handlers\FileHandler' driver.
DEBUG - 2025-05-17 03:41:17 --> Session: Class initialized using 'CodeIgniter\Session\Handlers\FileHandler' driver.
DEBUG - 2025-05-17 03:44:06 --> Session: Class initialized using 'CodeIgniter\Session\Handlers\FileHandler' driver.
DEBUG - 2025-05-17 03:45:14 --> Session: Class initialized using 'CodeIgniter\Session\Handlers\FileHandler' driver.
DEBUG - 2025-05-17 03:45:16 --> Session: Class initialized using 'CodeIgniter\Session\Handlers\FileHandler' driver.
DEBUG - 2025-05-17 03:46:21 --> Session: Class initialized using 'CodeIgniter\Session\Handlers\FileHandler' driver.
DEBUG - 2025-05-17 03:46:21 --> Session: Class initialized using 'CodeIgniter\Session\Handlers\FileHandler' driver.
DEBUG - 2025-05-17 03:47:48 --> Session: Class initialized using 'CodeIgniter\Session\Handlers\FileHandler' driver.
ERROR - 2025-05-17 03:47:48 --> mysqli_sql_exception: Unknown column 'sm_sekolah.nama_sekolah' in 'field list' in D:\wamp64\www\app_sekolah\vendor\codeigniter4\framework\system\Database\MySQLi\Connection.php:327
Stack trace:
#0 D:\wamp64\www\app_sekolah\vendor\codeigniter4\framework\system\Database\MySQLi\Connection.php(327): mysqli->query('SELECT `sm_user...', 0)
#1 D:\wamp64\www\app_sekolah\vendor\codeigniter4\framework\system\Database\BaseConnection.php(738): CodeIgniter\Database\MySQLi\Connection->execute('SELECT `sm_user...')
#2 D:\wamp64\www\app_sekolah\vendor\codeigniter4\framework\system\Database\BaseConnection.php(652): CodeIgniter\Database\BaseConnection->simpleQuery('SELECT `sm_user...')
#3 D:\wamp64\www\app_sekolah\vendor\codeigniter4\framework\system\Database\BaseBuilder.php(1649): CodeIgniter\Database\BaseConnection->query('SELECT `sm_user...', Array, false)
#4 D:\wamp64\www\app_sekolah\app\Models\Model_pengguna.php(33): CodeIgniter\Database\BaseBuilder->get()
#5 D:\wamp64\www\app_sekolah\app\Controllers\Man_pengguna.php(25): App\Models\Model_pengguna->getAll()
#6 D:\wamp64\www\app_sekolah\vendor\codeigniter4\framework\system\CodeIgniter.php(933): App\Controllers\Man_pengguna->index()
#7 D:\wamp64\www\app_sekolah\vendor\codeigniter4\framework\system\CodeIgniter.php(507): CodeIgniter\CodeIgniter->runController(Object(App\Controllers\Man_pengguna))
#8 D:\wamp64\www\app_sekolah\vendor\codeigniter4\framework\system\CodeIgniter.php(354): CodeIgniter\CodeIgniter->handleRequest(NULL, Object(Config\Cache), false)
#9 D:\wamp64\www\app_sekolah\vendor\codeigniter4\framework\system\Boot.php(334): CodeIgniter\CodeIgniter->run()
#10 D:\wamp64\www\app_sekolah\vendor\codeigniter4\framework\system\Boot.php(67): CodeIgniter\Boot::runCodeIgniter(Object(CodeIgniter\CodeIgniter))
#11 D:\wamp64\www\app_sekolah\public\index.php(59): CodeIgniter\Boot::bootWeb(Object(Config\Paths))
#12 D:\wamp64\www\app_sekolah\vendor\codeigniter4\framework\system\rewrite.php(44): require_once('D:\\wamp64\\www\\a...')
#13 {main}
CRITICAL - 2025-05-17 03:47:48 --> CodeIgniter\Database\Exceptions\DatabaseException: Unknown column 'sm_sekolah.nama_sekolah' in 'field list'
[Method: GET, Route: datapengguna]
in SYSTEMPATH\Database\BaseConnection.php on line 692.
 1 SYSTEMPATH\Database\BaseBuilder.php(1649): CodeIgniter\Database\BaseConnection->query('SELECT `sm_users`.*, `sm_sekolah`.`nama_sekolah`
FROM `sm_users`
LEFT JOIN `sm_sekolah` ON `sm_sekolah`.`kode_sekolah` = `sm_users`.`sekolah_kode`', [], false)
 2 APPPATH\Models\Model_pengguna.php(33): CodeIgniter\Database\BaseBuilder->get()
 3 APPPATH\Controllers\Man_pengguna.php(25): App\Models\Model_pengguna->getAll()
 4 SYSTEMPATH\CodeIgniter.php(933): App\Controllers\Man_pengguna->index()
 5 SYSTEMPATH\CodeIgniter.php(507): CodeIgniter\CodeIgniter->runController(Object(App\Controllers\Man_pengguna))
 6 SYSTEMPATH\CodeIgniter.php(354): CodeIgniter\CodeIgniter->handleRequest(null, Object(Config\Cache), false)
 7 SYSTEMPATH\Boot.php(334): CodeIgniter\CodeIgniter->run()
 8 SYSTEMPATH\Boot.php(67): CodeIgniter\Boot::runCodeIgniter(Object(CodeIgniter\CodeIgniter))
 9 FCPATH\index.php(59): CodeIgniter\Boot::bootWeb(Object(Config\Paths))
10 SYSTEMPATH\rewrite.php(44): require_once('D:\\wamp64\\www\\app_sekolah\\public\\index.php')
CRITICAL - 2025-05-17 03:47:48 --> [Caused by] CodeIgniter\Database\Exceptions\DatabaseException: Unknown column 'sm_sekolah.nama_sekolah' in 'field list'
in SYSTEMPATH\Database\MySQLi\Connection.php on line 332.
 1 SYSTEMPATH\Database\BaseConnection.php(738): CodeIgniter\Database\MySQLi\Connection->execute('SELECT `sm_users`.*, `sm_sekolah`.`nama_sekolah`
FROM `sm_users`
LEFT JOIN `sm_sekolah` ON `sm_sekolah`.`kode_sekolah` = `sm_users`.`sekolah_kode`')
 2 SYSTEMPATH\Database\BaseConnection.php(652): CodeIgniter\Database\BaseConnection->simpleQuery('SELECT `sm_users`.*, `sm_sekolah`.`nama_sekolah`
FROM `sm_users`
LEFT JOIN `sm_sekolah` ON `sm_sekolah`.`kode_sekolah` = `sm_users`.`sekolah_kode`')
 3 SYSTEMPATH\Database\BaseBuilder.php(1649): CodeIgniter\Database\BaseConnection->query('SELECT `sm_users`.*, `sm_sekolah`.`nama_sekolah`
FROM `sm_users`
LEFT JOIN `sm_sekolah` ON `sm_sekolah`.`kode_sekolah` = `sm_users`.`sekolah_kode`', [], false)
 4 APPPATH\Models\Model_pengguna.php(33): CodeIgniter\Database\BaseBuilder->get()
 5 APPPATH\Controllers\Man_pengguna.php(25): App\Models\Model_pengguna->getAll()
 6 SYSTEMPATH\CodeIgniter.php(933): App\Controllers\Man_pengguna->index()
 7 SYSTEMPATH\CodeIgniter.php(507): CodeIgniter\CodeIgniter->runController(Object(App\Controllers\Man_pengguna))
 8 SYSTEMPATH\CodeIgniter.php(354): CodeIgniter\CodeIgniter->handleRequest(null, Object(Config\Cache), false)
 9 SYSTEMPATH\Boot.php(334): CodeIgniter\CodeIgniter->run()
10 SYSTEMPATH\Boot.php(67): CodeIgniter\Boot::runCodeIgniter(Object(CodeIgniter\CodeIgniter))
11 FCPATH\index.php(59): CodeIgniter\Boot::bootWeb(Object(Config\Paths))
12 SYSTEMPATH\rewrite.php(44): require_once('D:\\wamp64\\www\\app_sekolah\\public\\index.php')
CRITICAL - 2025-05-17 03:47:48 --> [Caused by] mysqli_sql_exception: Unknown column 'sm_sekolah.nama_sekolah' in 'field list'
in SYSTEMPATH\Database\MySQLi\Connection.php on line 327.
 1 SYSTEMPATH\Database\MySQLi\Connection.php(327): mysqli->query('SELECT `sm_users`.*, `sm_sekolah`.`nama_sekolah`
FROM `sm_users`
LEFT JOIN `sm_sekolah` ON `sm_sekolah`.`kode_sekolah` = `sm_users`.`sekolah_kode`', 0)
 2 SYSTEMPATH\Database\BaseConnection.php(738): CodeIgniter\Database\MySQLi\Connection->execute('SELECT `sm_users`.*, `sm_sekolah`.`nama_sekolah`
FROM `sm_users`
LEFT JOIN `sm_sekolah` ON `sm_sekolah`.`kode_sekolah` = `sm_users`.`sekolah_kode`')
 3 SYSTEMPATH\Database\BaseConnection.php(652): CodeIgniter\Database\BaseConnection->simpleQuery('SELECT `sm_users`.*, `sm_sekolah`.`nama_sekolah`
FROM `sm_users`
LEFT JOIN `sm_sekolah` ON `sm_sekolah`.`kode_sekolah` = `sm_users`.`sekolah_kode`')
 4 SYSTEMPATH\Database\BaseBuilder.php(1649): CodeIgniter\Database\BaseConnection->query('SELECT `sm_users`.*, `sm_sekolah`.`nama_sekolah`
FROM `sm_users`
LEFT JOIN `sm_sekolah` ON `sm_sekolah`.`kode_sekolah` = `sm_users`.`sekolah_kode`', [], false)
 5 APPPATH\Models\Model_pengguna.php(33): CodeIgniter\Database\BaseBuilder->get()
 6 APPPATH\Controllers\Man_pengguna.php(25): App\Models\Model_pengguna->getAll()
 7 SYSTEMPATH\CodeIgniter.php(933): App\Controllers\Man_pengguna->index()
 8 SYSTEMPATH\CodeIgniter.php(507): CodeIgniter\CodeIgniter->runController(Object(App\Controllers\Man_pengguna))
 9 SYSTEMPATH\CodeIgniter.php(354): CodeIgniter\CodeIgniter->handleRequest(null, Object(Config\Cache), false)
10 SYSTEMPATH\Boot.php(334): CodeIgniter\CodeIgniter->run()
11 SYSTEMPATH\Boot.php(67): CodeIgniter\Boot::runCodeIgniter(Object(CodeIgniter\CodeIgniter))
12 FCPATH\index.php(59): CodeIgniter\Boot::bootWeb(Object(Config\Paths))
13 SYSTEMPATH\rewrite.php(44): require_once('D:\\wamp64\\www\\app_sekolah\\public\\index.php')
DEBUG - 2025-05-17 03:48:08 --> Session: Class initialized using 'CodeIgniter\Session\Handlers\FileHandler' driver.
DEBUG - 2025-05-17 03:48:20 --> Session: Class initialized using 'CodeIgniter\Session\Handlers\FileHandler' driver.
DEBUG - 2025-05-17 03:53:44 --> Session: Class initialized using 'CodeIgniter\Session\Handlers\FileHandler' driver.
DEBUG - 2025-05-17 03:53:46 --> Session: Class initialized using 'CodeIgniter\Session\Handlers\FileHandler' driver.
DEBUG - 2025-05-17 03:53:48 --> Session: Class initialized using 'CodeIgniter\Session\Handlers\FileHandler' driver.
DEBUG - 2025-05-17 04:00:32 --> Session: Class initialized using 'CodeIgniter\Session\Handlers\FileHandler' driver.
DEBUG - 2025-05-17 04:00:33 --> Session: Class initialized using 'CodeIgniter\Session\Handlers\FileHandler' driver.
DEBUG - 2025-05-17 04:00:38 --> Session: Class initialized using 'CodeIgniter\Session\Handlers\FileHandler' driver.
DEBUG - 2025-05-17 04:00:52 --> Session: Class initialized using 'CodeIgniter\Session\Handlers\FileHandler' driver.
DEBUG - 2025-05-17 04:00:53 --> Session: Class initialized using 'CodeIgniter\Session\Handlers\FileHandler' driver.
DEBUG - 2025-05-17 04:00:57 --> Session: Class initialized using 'CodeIgniter\Session\Handlers\FileHandler' driver.
DEBUG - 2025-05-17 04:01:24 --> Session: Class initialized using 'CodeIgniter\Session\Handlers\FileHandler' driver.
DEBUG - 2025-05-17 04:01:26 --> Session: Class initialized using 'CodeIgniter\Session\Handlers\FileHandler' driver.
DEBUG - 2025-05-17 04:01:26 --> Session: Class initialized using 'CodeIgniter\Session\Handlers\FileHandler' driver.
DEBUG - 2025-05-17 04:01:30 --> Session: Class initialized using 'CodeIgniter\Session\Handlers\FileHandler' driver.
DEBUG - 2025-05-17 04:01:30 --> Session: Class initialized using 'CodeIgniter\Session\Handlers\FileHandler' driver.
DEBUG - 2025-05-17 04:04:37 --> Session: Class initialized using 'CodeIgniter\Session\Handlers\FileHandler' driver.
DEBUG - 2025-05-17 04:05:35 --> Session: Class initialized using 'CodeIgniter\Session\Handlers\FileHandler' driver.
DEBUG - 2025-05-17 04:06:03 --> Session: Class initialized using 'CodeIgniter\Session\Handlers\FileHandler' driver.
DEBUG - 2025-05-17 04:06:06 --> Session: Class initialized using 'CodeIgniter\Session\Handlers\FileHandler' driver.
DEBUG - 2025-05-17 04:06:06 --> Session: Class initialized using 'CodeIgniter\Session\Handlers\FileHandler' driver.
DEBUG - 2025-05-17 04:06:33 --> Session: Class initialized using 'CodeIgniter\Session\Handlers\FileHandler' driver.
DEBUG - 2025-05-17 04:06:33 --> Session: Class initialized using 'CodeIgniter\Session\Handlers\FileHandler' driver.
DEBUG - 2025-05-17 04:06:36 --> Session: Class initialized using 'CodeIgniter\Session\Handlers\FileHandler' driver.
DEBUG - 2025-05-17 04:06:42 --> Session: Class initialized using 'CodeIgniter\Session\Handlers\FileHandler' driver.
DEBUG - 2025-05-17 04:06:42 --> Session: Class initialized using 'CodeIgniter\Session\Handlers\FileHandler' driver.
DEBUG - 2025-05-17 04:06:43 --> Session: Class initialized using 'CodeIgniter\Session\Handlers\FileHandler' driver.
DEBUG - 2025-05-17 04:06:44 --> Session: Class initialized using 'CodeIgniter\Session\Handlers\FileHandler' driver.
DEBUG - 2025-05-17 04:12:08 --> Session: Class initialized using 'CodeIgniter\Session\Handlers\FileHandler' driver.
DEBUG - 2025-05-17 04:12:10 --> Session: Class initialized using 'CodeIgniter\Session\Handlers\FileHandler' driver.
ERROR - 2025-05-17 04:12:10 --> mysqli_sql_exception: Unknown column 'id_sekolah' in 'where clause' in D:\wamp64\www\app_sekolah\vendor\codeigniter4\framework\system\Database\MySQLi\Connection.php:327
Stack trace:
#0 D:\wamp64\www\app_sekolah\vendor\codeigniter4\framework\system\Database\MySQLi\Connection.php(327): mysqli->query('SELECT *\nFROM `...', 0)
#1 D:\wamp64\www\app_sekolah\vendor\codeigniter4\framework\system\Database\BaseConnection.php(738): CodeIgniter\Database\MySQLi\Connection->execute('SELECT *\nFROM `...')
#2 D:\wamp64\www\app_sekolah\vendor\codeigniter4\framework\system\Database\BaseConnection.php(652): CodeIgniter\Database\BaseConnection->simpleQuery('SELECT *\nFROM `...')
#3 D:\wamp64\www\app_sekolah\vendor\codeigniter4\framework\system\Database\BaseBuilder.php(1649): CodeIgniter\Database\BaseConnection->query('SELECT *\nFROM `...', Array, false)
#4 D:\wamp64\www\app_sekolah\app\Models\Model_pengguna.php(38): CodeIgniter\Database\BaseBuilder->get()
#5 D:\wamp64\www\app_sekolah\app\Controllers\Man_pengguna.php(92): App\Models\Model_pengguna->getPenggunaById('1')
#6 D:\wamp64\www\app_sekolah\vendor\codeigniter4\framework\system\CodeIgniter.php(933): App\Controllers\Man_pengguna->edit('1')
#7 D:\wamp64\www\app_sekolah\vendor\codeigniter4\framework\system\CodeIgniter.php(507): CodeIgniter\CodeIgniter->runController(Object(App\Controllers\Man_pengguna))
#8 D:\wamp64\www\app_sekolah\vendor\codeigniter4\framework\system\CodeIgniter.php(354): CodeIgniter\CodeIgniter->handleRequest(NULL, Object(Config\Cache), false)
#9 D:\wamp64\www\app_sekolah\vendor\codeigniter4\framework\system\Boot.php(334): CodeIgniter\CodeIgniter->run()
#10 D:\wamp64\www\app_sekolah\vendor\codeigniter4\framework\system\Boot.php(67): CodeIgniter\Boot::runCodeIgniter(Object(CodeIgniter\CodeIgniter))
#11 D:\wamp64\www\app_sekolah\public\index.php(59): CodeIgniter\Boot::bootWeb(Object(Config\Paths))
#12 D:\wamp64\www\app_sekolah\vendor\codeigniter4\framework\system\rewrite.php(44): require_once('D:\\wamp64\\www\\a...')
#13 {main}
CRITICAL - 2025-05-17 04:12:10 --> CodeIgniter\Database\Exceptions\DatabaseException: Unknown column 'id_sekolah' in 'where clause'
[Method: GET, Route: datapengguna/edit/1]
in SYSTEMPATH\Database\BaseConnection.php on line 692.
 1 SYSTEMPATH\Database\BaseBuilder.php(1649): CodeIgniter\Database\BaseConnection->query('SELECT *
FROM `sm_users`
WHERE `id_sekolah` = :id_sekolah:', [...], false)
 2 APPPATH\Models\Model_pengguna.php(38): CodeIgniter\Database\BaseBuilder->get()
 3 APPPATH\Controllers\Man_pengguna.php(92): App\Models\Model_pengguna->getPenggunaById('1')
 4 SYSTEMPATH\CodeIgniter.php(933): App\Controllers\Man_pengguna->edit('1')
 5 SYSTEMPATH\CodeIgniter.php(507): CodeIgniter\CodeIgniter->runController(Object(App\Controllers\Man_pengguna))
 6 SYSTEMPATH\CodeIgniter.php(354): CodeIgniter\CodeIgniter->handleRequest(null, Object(Config\Cache), false)
 7 SYSTEMPATH\Boot.php(334): CodeIgniter\CodeIgniter->run()
 8 SYSTEMPATH\Boot.php(67): CodeIgniter\Boot::runCodeIgniter(Object(CodeIgniter\CodeIgniter))
 9 FCPATH\index.php(59): CodeIgniter\Boot::bootWeb(Object(Config\Paths))
10 SYSTEMPATH\rewrite.php(44): require_once('D:\\wamp64\\www\\app_sekolah\\public\\index.php')
CRITICAL - 2025-05-17 04:12:10 --> [Caused by] CodeIgniter\Database\Exceptions\DatabaseException: Unknown column 'id_sekolah' in 'where clause'
in SYSTEMPATH\Database\MySQLi\Connection.php on line 332.
 1 SYSTEMPATH\Database\BaseConnection.php(738): CodeIgniter\Database\MySQLi\Connection->execute('SELECT *
FROM `sm_users`
WHERE `id_sekolah` = \'1\'')
 2 SYSTEMPATH\Database\BaseConnection.php(652): CodeIgniter\Database\BaseConnection->simpleQuery('SELECT *
FROM `sm_users`
WHERE `id_sekolah` = \'1\'')
 3 SYSTEMPATH\Database\BaseBuilder.php(1649): CodeIgniter\Database\BaseConnection->query('SELECT *
FROM `sm_users`
WHERE `id_sekolah` = :id_sekolah:', [...], false)
 4 APPPATH\Models\Model_pengguna.php(38): CodeIgniter\Database\BaseBuilder->get()
 5 APPPATH\Controllers\Man_pengguna.php(92): App\Models\Model_pengguna->getPenggunaById('1')
 6 SYSTEMPATH\CodeIgniter.php(933): App\Controllers\Man_pengguna->edit('1')
 7 SYSTEMPATH\CodeIgniter.php(507): CodeIgniter\CodeIgniter->runController(Object(App\Controllers\Man_pengguna))
 8 SYSTEMPATH\CodeIgniter.php(354): CodeIgniter\CodeIgniter->handleRequest(null, Object(Config\Cache), false)
 9 SYSTEMPATH\Boot.php(334): CodeIgniter\CodeIgniter->run()
10 SYSTEMPATH\Boot.php(67): CodeIgniter\Boot::runCodeIgniter(Object(CodeIgniter\CodeIgniter))
11 FCPATH\index.php(59): CodeIgniter\Boot::bootWeb(Object(Config\Paths))
12 SYSTEMPATH\rewrite.php(44): require_once('D:\\wamp64\\www\\app_sekolah\\public\\index.php')
CRITICAL - 2025-05-17 04:12:10 --> [Caused by] mysqli_sql_exception: Unknown column 'id_sekolah' in 'where clause'
in SYSTEMPATH\Database\MySQLi\Connection.php on line 327.
 1 SYSTEMPATH\Database\MySQLi\Connection.php(327): mysqli->query('SELECT *
FROM `sm_users`
WHERE `id_sekolah` = \'1\'', 0)
 2 SYSTEMPATH\Database\BaseConnection.php(738): CodeIgniter\Database\MySQLi\Connection->execute('SELECT *
FROM `sm_users`
WHERE `id_sekolah` = \'1\'')
 3 SYSTEMPATH\Database\BaseConnection.php(652): CodeIgniter\Database\BaseConnection->simpleQuery('SELECT *
FROM `sm_users`
WHERE `id_sekolah` = \'1\'')
 4 SYSTEMPATH\Database\BaseBuilder.php(1649): CodeIgniter\Database\BaseConnection->query('SELECT *
FROM `sm_users`
WHERE `id_sekolah` = :id_sekolah:', [...], false)
 5 APPPATH\Models\Model_pengguna.php(38): CodeIgniter\Database\BaseBuilder->get()
 6 APPPATH\Controllers\Man_pengguna.php(92): App\Models\Model_pengguna->getPenggunaById('1')
 7 SYSTEMPATH\CodeIgniter.php(933): App\Controllers\Man_pengguna->edit('1')
 8 SYSTEMPATH\CodeIgniter.php(507): CodeIgniter\CodeIgniter->runController(Object(App\Controllers\Man_pengguna))
 9 SYSTEMPATH\CodeIgniter.php(354): CodeIgniter\CodeIgniter->handleRequest(null, Object(Config\Cache), false)
10 SYSTEMPATH\Boot.php(334): CodeIgniter\CodeIgniter->run()
11 SYSTEMPATH\Boot.php(67): CodeIgniter\Boot::runCodeIgniter(Object(CodeIgniter\CodeIgniter))
12 FCPATH\index.php(59): CodeIgniter\Boot::bootWeb(Object(Config\Paths))
13 SYSTEMPATH\rewrite.php(44): require_once('D:\\wamp64\\www\\app_sekolah\\public\\index.php')
DEBUG - 2025-05-17 04:12:15 --> Session: Class initialized using 'CodeIgniter\Session\Handlers\FileHandler' driver.
DEBUG - 2025-05-17 04:12:44 --> Session: Class initialized using 'CodeIgniter\Session\Handlers\FileHandler' driver.
ERROR - 2025-05-17 04:12:44 --> mysqli_sql_exception: Unknown column 'id_sekolah' in 'where clause' in D:\wamp64\www\app_sekolah\vendor\codeigniter4\framework\system\Database\MySQLi\Connection.php:327
Stack trace:
#0 D:\wamp64\www\app_sekolah\vendor\codeigniter4\framework\system\Database\MySQLi\Connection.php(327): mysqli->query('SELECT *\nFROM `...', 0)
#1 D:\wamp64\www\app_sekolah\vendor\codeigniter4\framework\system\Database\BaseConnection.php(738): CodeIgniter\Database\MySQLi\Connection->execute('SELECT *\nFROM `...')
#2 D:\wamp64\www\app_sekolah\vendor\codeigniter4\framework\system\Database\BaseConnection.php(652): CodeIgniter\Database\BaseConnection->simpleQuery('SELECT *\nFROM `...')
#3 D:\wamp64\www\app_sekolah\vendor\codeigniter4\framework\system\Database\BaseBuilder.php(1649): CodeIgniter\Database\BaseConnection->query('SELECT *\nFROM `...', Array, false)
#4 D:\wamp64\www\app_sekolah\app\Models\Model_pengguna.php(38): CodeIgniter\Database\BaseBuilder->get()
#5 D:\wamp64\www\app_sekolah\app\Controllers\Man_pengguna.php(92): App\Models\Model_pengguna->getPenggunaById('1')
#6 D:\wamp64\www\app_sekolah\vendor\codeigniter4\framework\system\CodeIgniter.php(933): App\Controllers\Man_pengguna->edit('1')
#7 D:\wamp64\www\app_sekolah\vendor\codeigniter4\framework\system\CodeIgniter.php(507): CodeIgniter\CodeIgniter->runController(Object(App\Controllers\Man_pengguna))
#8 D:\wamp64\www\app_sekolah\vendor\codeigniter4\framework\system\CodeIgniter.php(354): CodeIgniter\CodeIgniter->handleRequest(NULL, Object(Config\Cache), false)
#9 D:\wamp64\www\app_sekolah\vendor\codeigniter4\framework\system\Boot.php(334): CodeIgniter\CodeIgniter->run()
#10 D:\wamp64\www\app_sekolah\vendor\codeigniter4\framework\system\Boot.php(67): CodeIgniter\Boot::runCodeIgniter(Object(CodeIgniter\CodeIgniter))
#11 D:\wamp64\www\app_sekolah\public\index.php(59): CodeIgniter\Boot::bootWeb(Object(Config\Paths))
#12 D:\wamp64\www\app_sekolah\vendor\codeigniter4\framework\system\rewrite.php(44): require_once('D:\\wamp64\\www\\a...')
#13 {main}
CRITICAL - 2025-05-17 04:12:44 --> CodeIgniter\Database\Exceptions\DatabaseException: Unknown column 'id_sekolah' in 'where clause'
[Method: GET, Route: datapengguna/edit/1]
in SYSTEMPATH\Database\BaseConnection.php on line 692.
 1 SYSTEMPATH\Database\BaseBuilder.php(1649): CodeIgniter\Database\BaseConnection->query('SELECT *
FROM `sm_users`
WHERE `id_sekolah` = :id_sekolah:', [...], false)
 2 APPPATH\Models\Model_pengguna.php(38): CodeIgniter\Database\BaseBuilder->get()
 3 APPPATH\Controllers\Man_pengguna.php(92): App\Models\Model_pengguna->getPenggunaById('1')
 4 SYSTEMPATH\CodeIgniter.php(933): App\Controllers\Man_pengguna->edit('1')
 5 SYSTEMPATH\CodeIgniter.php(507): CodeIgniter\CodeIgniter->runController(Object(App\Controllers\Man_pengguna))
 6 SYSTEMPATH\CodeIgniter.php(354): CodeIgniter\CodeIgniter->handleRequest(null, Object(Config\Cache), false)
 7 SYSTEMPATH\Boot.php(334): CodeIgniter\CodeIgniter->run()
 8 SYSTEMPATH\Boot.php(67): CodeIgniter\Boot::runCodeIgniter(Object(CodeIgniter\CodeIgniter))
 9 FCPATH\index.php(59): CodeIgniter\Boot::bootWeb(Object(Config\Paths))
10 SYSTEMPATH\rewrite.php(44): require_once('D:\\wamp64\\www\\app_sekolah\\public\\index.php')
CRITICAL - 2025-05-17 04:12:44 --> [Caused by] CodeIgniter\Database\Exceptions\DatabaseException: Unknown column 'id_sekolah' in 'where clause'
in SYSTEMPATH\Database\MySQLi\Connection.php on line 332.
 1 SYSTEMPATH\Database\BaseConnection.php(738): CodeIgniter\Database\MySQLi\Connection->execute('SELECT *
FROM `sm_users`
WHERE `id_sekolah` = \'1\'')
 2 SYSTEMPATH\Database\BaseConnection.php(652): CodeIgniter\Database\BaseConnection->simpleQuery('SELECT *
FROM `sm_users`
WHERE `id_sekolah` = \'1\'')
 3 SYSTEMPATH\Database\BaseBuilder.php(1649): CodeIgniter\Database\BaseConnection->query('SELECT *
FROM `sm_users`
WHERE `id_sekolah` = :id_sekolah:', [...], false)
 4 APPPATH\Models\Model_pengguna.php(38): CodeIgniter\Database\BaseBuilder->get()
 5 APPPATH\Controllers\Man_pengguna.php(92): App\Models\Model_pengguna->getPenggunaById('1')
 6 SYSTEMPATH\CodeIgniter.php(933): App\Controllers\Man_pengguna->edit('1')
 7 SYSTEMPATH\CodeIgniter.php(507): CodeIgniter\CodeIgniter->runController(Object(App\Controllers\Man_pengguna))
 8 SYSTEMPATH\CodeIgniter.php(354): CodeIgniter\CodeIgniter->handleRequest(null, Object(Config\Cache), false)
 9 SYSTEMPATH\Boot.php(334): CodeIgniter\CodeIgniter->run()
10 SYSTEMPATH\Boot.php(67): CodeIgniter\Boot::runCodeIgniter(Object(CodeIgniter\CodeIgniter))
11 FCPATH\index.php(59): CodeIgniter\Boot::bootWeb(Object(Config\Paths))
12 SYSTEMPATH\rewrite.php(44): require_once('D:\\wamp64\\www\\app_sekolah\\public\\index.php')
CRITICAL - 2025-05-17 04:12:44 --> [Caused by] mysqli_sql_exception: Unknown column 'id_sekolah' in 'where clause'
in SYSTEMPATH\Database\MySQLi\Connection.php on line 327.
 1 SYSTEMPATH\Database\MySQLi\Connection.php(327): mysqli->query('SELECT *
FROM `sm_users`
WHERE `id_sekolah` = \'1\'', 0)
 2 SYSTEMPATH\Database\BaseConnection.php(738): CodeIgniter\Database\MySQLi\Connection->execute('SELECT *
FROM `sm_users`
WHERE `id_sekolah` = \'1\'')
 3 SYSTEMPATH\Database\BaseConnection.php(652): CodeIgniter\Database\BaseConnection->simpleQuery('SELECT *
FROM `sm_users`
WHERE `id_sekolah` = \'1\'')
 4 SYSTEMPATH\Database\BaseBuilder.php(1649): CodeIgniter\Database\BaseConnection->query('SELECT *
FROM `sm_users`
WHERE `id_sekolah` = :id_sekolah:', [...], false)
 5 APPPATH\Models\Model_pengguna.php(38): CodeIgniter\Database\BaseBuilder->get()
 6 APPPATH\Controllers\Man_pengguna.php(92): App\Models\Model_pengguna->getPenggunaById('1')
 7 SYSTEMPATH\CodeIgniter.php(933): App\Controllers\Man_pengguna->edit('1')
 8 SYSTEMPATH\CodeIgniter.php(507): CodeIgniter\CodeIgniter->runController(Object(App\Controllers\Man_pengguna))
 9 SYSTEMPATH\CodeIgniter.php(354): CodeIgniter\CodeIgniter->handleRequest(null, Object(Config\Cache), false)
10 SYSTEMPATH\Boot.php(334): CodeIgniter\CodeIgniter->run()
11 SYSTEMPATH\Boot.php(67): CodeIgniter\Boot::runCodeIgniter(Object(CodeIgniter\CodeIgniter))
12 FCPATH\index.php(59): CodeIgniter\Boot::bootWeb(Object(Config\Paths))
13 SYSTEMPATH\rewrite.php(44): require_once('D:\\wamp64\\www\\app_sekolah\\public\\index.php')
DEBUG - 2025-05-17 04:13:01 --> Session: Class initialized using 'CodeIgniter\Session\Handlers\FileHandler' driver.
DEBUG - 2025-05-17 07:36:25 --> Session: Class initialized using 'CodeIgniter\Session\Handlers\FileHandler' driver.
DEBUG - 2025-05-17 07:36:25 --> Session: Class initialized using 'CodeIgniter\Session\Handlers\FileHandler' driver.
DEBUG - 2025-05-17 07:38:41 --> Session: Class initialized using 'CodeIgniter\Session\Handlers\FileHandler' driver.
DEBUG - 2025-05-17 07:43:08 --> Session: Class initialized using 'CodeIgniter\Session\Handlers\FileHandler' driver.
DEBUG - 2025-05-17 07:43:08 --> Session: Class initialized using 'CodeIgniter\Session\Handlers\FileHandler' driver.
DEBUG - 2025-05-17 07:43:17 --> Session: Class initialized using 'CodeIgniter\Session\Handlers\FileHandler' driver.
DEBUG - 2025-05-17 07:43:17 --> Session: Class initialized using 'CodeIgniter\Session\Handlers\FileHandler' driver.
DEBUG - 2025-05-17 07:43:18 --> Session: Class initialized using 'CodeIgniter\Session\Handlers\FileHandler' driver.
DEBUG - 2025-05-17 07:43:18 --> Session: Class initialized using 'CodeIgniter\Session\Handlers\FileHandler' driver.
DEBUG - 2025-05-17 07:44:56 --> Session: Class initialized using 'CodeIgniter\Session\Handlers\FileHandler' driver.
DEBUG - 2025-05-17 07:44:56 --> Session: Class initialized using 'CodeIgniter\Session\Handlers\FileHandler' driver.
