DEBUG - 2025-06-02 01:50:11 --> Session: Class initialized using 'CodeIgniter\Session\Handlers\FileHandler' driver.
DEBUG - 2025-06-02 01:50:18 --> Session: Class initialized using 'CodeIgniter\Session\Handlers\FileHandler' driver.
DEBUG - 2025-06-02 01:50:18 --> Session: Class initialized using 'CodeIgniter\Session\Handlers\FileHandler' driver.
DEBUG - 2025-06-02 01:50:20 --> Session: Class initialized using 'CodeIgniter\Session\Handlers\FileHandler' driver.
DEBUG - 2025-06-02 01:50:21 --> Session: Class initialized using 'CodeIgniter\Session\Handlers\FileHandler' driver.
DEBUG - 2025-06-02 01:50:23 --> Session: Class initialized using 'CodeIgniter\Session\Handlers\FileHandler' driver.
DEBUG - 2025-06-02 01:50:28 --> Session: Class initialized using 'CodeIgniter\Session\Handlers\FileHandler' driver.
DEBUG - 2025-06-02 01:50:34 --> Session: Class initialized using 'CodeIgniter\Session\Handlers\FileHandler' driver.
DEBUG - 2025-06-02 01:50:35 --> Session: Class initialized using 'CodeIgniter\Session\Handlers\FileHandler' driver.
DEBUG - 2025-06-02 01:50:38 --> Session: Class initialized using 'CodeIgniter\Session\Handlers\FileHandler' driver.
DEBUG - 2025-06-02 01:50:38 --> Session: Class initialized using 'CodeIgniter\Session\Handlers\FileHandler' driver.
DEBUG - 2025-06-02 03:01:59 --> Session: Class initialized using 'CodeIgniter\Session\Handlers\FileHandler' driver.
DEBUG - 2025-06-02 03:02:01 --> Session: Class initialized using 'CodeIgniter\Session\Handlers\FileHandler' driver.
DEBUG - 2025-06-02 03:04:00 --> Session: Class initialized using 'CodeIgniter\Session\Handlers\FileHandler' driver.
DEBUG - 2025-06-02 03:07:23 --> Session: Class initialized using 'CodeIgniter\Session\Handlers\FileHandler' driver.
DEBUG - 2025-06-02 03:07:24 --> Session: Class initialized using 'CodeIgniter\Session\Handlers\FileHandler' driver.
DEBUG - 2025-06-02 03:07:25 --> Session: Class initialized using 'CodeIgniter\Session\Handlers\FileHandler' driver.
DEBUG - 2025-06-02 07:22:17 --> Session: Class initialized using 'CodeIgniter\Session\Handlers\FileHandler' driver.
DEBUG - 2025-06-02 07:22:17 --> Session: Class initialized using 'CodeIgniter\Session\Handlers\FileHandler' driver.
DEBUG - 2025-06-02 07:22:26 --> Session: Class initialized using 'CodeIgniter\Session\Handlers\FileHandler' driver.
DEBUG - 2025-06-02 07:22:26 --> Session: Class initialized using 'CodeIgniter\Session\Handlers\FileHandler' driver.
DEBUG - 2025-06-02 07:22:34 --> Session: Class initialized using 'CodeIgniter\Session\Handlers\FileHandler' driver.
DEBUG - 2025-06-02 07:22:35 --> Session: Class initialized using 'CodeIgniter\Session\Handlers\FileHandler' driver.
DEBUG - 2025-06-02 07:25:30 --> Session: Class initialized using 'CodeIgniter\Session\Handlers\FileHandler' driver.
DEBUG - 2025-06-02 07:25:30 --> Session: Class initialized using 'CodeIgniter\Session\Handlers\FileHandler' driver.
DEBUG - 2025-06-02 07:26:55 --> Session: Class initialized using 'CodeIgniter\Session\Handlers\FileHandler' driver.
DEBUG - 2025-06-02 07:28:05 --> Session: Class initialized using 'CodeIgniter\Session\Handlers\FileHandler' driver.
DEBUG - 2025-06-02 07:34:18 --> Session: Class initialized using 'CodeIgniter\Session\Handlers\FileHandler' driver.
DEBUG - 2025-06-02 07:34:19 --> Session: Class initialized using 'CodeIgniter\Session\Handlers\FileHandler' driver.
DEBUG - 2025-06-02 07:35:19 --> Session: Class initialized using 'CodeIgniter\Session\Handlers\FileHandler' driver.
DEBUG - 2025-06-02 07:35:19 --> Session: Class initialized using 'CodeIgniter\Session\Handlers\FileHandler' driver.
DEBUG - 2025-06-02 07:37:08 --> Session: Class initialized using 'CodeIgniter\Session\Handlers\FileHandler' driver.
DEBUG - 2025-06-02 07:37:09 --> Session: Class initialized using 'CodeIgniter\Session\Handlers\FileHandler' driver.
DEBUG - 2025-06-02 07:37:51 --> Session: Class initialized using 'CodeIgniter\Session\Handlers\FileHandler' driver.
CRITICAL - 2025-06-02 07:37:51 --> Error: Call to a member function getRandomName() on null
[Method: POST, Route: admin_pegawai/store]
in APPPATH\Controllers\Admin_pegawai.php on line 76.
 1 SYSTEMPATH\CodeIgniter.php(933): App\Controllers\Admin_pegawai->store()
 2 SYSTEMPATH\CodeIgniter.php(507): CodeIgniter\CodeIgniter->runController(Object(App\Controllers\Admin_pegawai))
 3 SYSTEMPATH\CodeIgniter.php(354): CodeIgniter\CodeIgniter->handleRequest(null, Object(Config\Cache), false)
 4 SYSTEMPATH\Boot.php(334): CodeIgniter\CodeIgniter->run()
 5 SYSTEMPATH\Boot.php(67): CodeIgniter\Boot::runCodeIgniter(Object(CodeIgniter\CodeIgniter))
 6 FCPATH\index.php(59): CodeIgniter\Boot::bootWeb(Object(Config\Paths))
 7 SYSTEMPATH\rewrite.php(44): require_once('D:\\wamp64\\www\\app_sekolah_muhammadiyah\\public\\index.php')
DEBUG - 2025-06-02 07:38:10 --> Session: Class initialized using 'CodeIgniter\Session\Handlers\FileHandler' driver.
DEBUG - 2025-06-02 07:39:06 --> Session: Class initialized using 'CodeIgniter\Session\Handlers\FileHandler' driver.
DEBUG - 2025-06-02 07:39:07 --> Session: Class initialized using 'CodeIgniter\Session\Handlers\FileHandler' driver.
DEBUG - 2025-06-02 07:40:09 --> Session: Class initialized using 'CodeIgniter\Session\Handlers\FileHandler' driver.
CRITICAL - 2025-06-02 07:40:09 --> Error: Call to a member function getRandomName() on null
[Method: POST, Route: admin_pegawai/store]
in APPPATH\Controllers\Admin_pegawai.php on line 76.
 1 SYSTEMPATH\CodeIgniter.php(933): App\Controllers\Admin_pegawai->store()
 2 SYSTEMPATH\CodeIgniter.php(507): CodeIgniter\CodeIgniter->runController(Object(App\Controllers\Admin_pegawai))
 3 SYSTEMPATH\CodeIgniter.php(354): CodeIgniter\CodeIgniter->handleRequest(null, Object(Config\Cache), false)
 4 SYSTEMPATH\Boot.php(334): CodeIgniter\CodeIgniter->run()
 5 SYSTEMPATH\Boot.php(67): CodeIgniter\Boot::runCodeIgniter(Object(CodeIgniter\CodeIgniter))
 6 FCPATH\index.php(59): CodeIgniter\Boot::bootWeb(Object(Config\Paths))
 7 SYSTEMPATH\rewrite.php(44): require_once('D:\\wamp64\\www\\app_sekolah_muhammadiyah\\public\\index.php')
DEBUG - 2025-06-02 07:41:52 --> Session: Class initialized using 'CodeIgniter\Session\Handlers\FileHandler' driver.
DEBUG - 2025-06-02 07:41:56 --> Session: Class initialized using 'CodeIgniter\Session\Handlers\FileHandler' driver.
DEBUG - 2025-06-02 07:41:59 --> Session: Class initialized using 'CodeIgniter\Session\Handlers\FileHandler' driver.
DEBUG - 2025-06-02 07:42:00 --> Session: Class initialized using 'CodeIgniter\Session\Handlers\FileHandler' driver.
DEBUG - 2025-06-02 07:43:15 --> Session: Class initialized using 'CodeIgniter\Session\Handlers\FileHandler' driver.
DEBUG - 2025-06-02 07:43:15 --> Session: Class initialized using 'CodeIgniter\Session\Handlers\FileHandler' driver.
DEBUG - 2025-06-02 07:43:19 --> Session: Class initialized using 'CodeIgniter\Session\Handlers\FileHandler' driver.
DEBUG - 2025-06-02 07:43:20 --> Session: Class initialized using 'CodeIgniter\Session\Handlers\FileHandler' driver.
DEBUG - 2025-06-02 07:44:50 --> Session: Class initialized using 'CodeIgniter\Session\Handlers\FileHandler' driver.
DEBUG - 2025-06-02 07:44:50 --> Session: Class initialized using 'CodeIgniter\Session\Handlers\FileHandler' driver.
DEBUG - 2025-06-02 07:44:53 --> Session: Class initialized using 'CodeIgniter\Session\Handlers\FileHandler' driver.
DEBUG - 2025-06-02 07:44:55 --> Session: Class initialized using 'CodeIgniter\Session\Handlers\FileHandler' driver.
DEBUG - 2025-06-02 07:44:58 --> Session: Class initialized using 'CodeIgniter\Session\Handlers\FileHandler' driver.
DEBUG - 2025-06-02 07:44:58 --> Session: Class initialized using 'CodeIgniter\Session\Handlers\FileHandler' driver.
DEBUG - 2025-06-02 07:45:03 --> Session: Class initialized using 'CodeIgniter\Session\Handlers\FileHandler' driver.
DEBUG - 2025-06-02 07:45:03 --> Session: Class initialized using 'CodeIgniter\Session\Handlers\FileHandler' driver.
DEBUG - 2025-06-02 07:45:25 --> Session: Class initialized using 'CodeIgniter\Session\Handlers\FileHandler' driver.
DEBUG - 2025-06-02 07:45:25 --> Session: Class initialized using 'CodeIgniter\Session\Handlers\FileHandler' driver.
DEBUG - 2025-06-02 07:45:28 --> Session: Class initialized using 'CodeIgniter\Session\Handlers\FileHandler' driver.
DEBUG - 2025-06-02 07:45:28 --> Session: Class initialized using 'CodeIgniter\Session\Handlers\FileHandler' driver.
DEBUG - 2025-06-02 07:46:18 --> Session: Class initialized using 'CodeIgniter\Session\Handlers\FileHandler' driver.
CRITICAL - 2025-06-02 07:46:18 --> CodeIgniter\Exceptions\BadMethodCallException: Call to undefined method App\Models\Model_admin_pegawai::getPegawai
[Method: GET, Route: admin_pegawai]
in SYSTEMPATH\Model.php on line 930.
 1 APPPATH\Controllers\Admin_pegawai.php(31): CodeIgniter\Model->__call('getPegawai', [])
 2 SYSTEMPATH\CodeIgniter.php(933): App\Controllers\Admin_pegawai->index()
 3 SYSTEMPATH\CodeIgniter.php(507): CodeIgniter\CodeIgniter->runController(Object(App\Controllers\Admin_pegawai))
 4 SYSTEMPATH\CodeIgniter.php(354): CodeIgniter\CodeIgniter->handleRequest(null, Object(Config\Cache), false)
 5 SYSTEMPATH\Boot.php(334): CodeIgniter\CodeIgniter->run()
 6 SYSTEMPATH\Boot.php(67): CodeIgniter\Boot::runCodeIgniter(Object(CodeIgniter\CodeIgniter))
 7 FCPATH\index.php(59): CodeIgniter\Boot::bootWeb(Object(Config\Paths))
 8 SYSTEMPATH\rewrite.php(44): require_once('D:\\wamp64\\www\\app_sekolah_muhammadiyah\\public\\index.php')
DEBUG - 2025-06-02 07:46:31 --> Session: Class initialized using 'CodeIgniter\Session\Handlers\FileHandler' driver.
CRITICAL - 2025-06-02 07:46:31 --> CodeIgniter\Exceptions\BadMethodCallException: Call to undefined method App\Models\Model_admin_pegawai::getPegawai
[Method: GET, Route: admin_pegawai]
in SYSTEMPATH\Model.php on line 930.
 1 APPPATH\Controllers\Admin_pegawai.php(31): CodeIgniter\Model->__call('getPegawai', [])
 2 SYSTEMPATH\CodeIgniter.php(933): App\Controllers\Admin_pegawai->index()
 3 SYSTEMPATH\CodeIgniter.php(507): CodeIgniter\CodeIgniter->runController(Object(App\Controllers\Admin_pegawai))
 4 SYSTEMPATH\CodeIgniter.php(354): CodeIgniter\CodeIgniter->handleRequest(null, Object(Config\Cache), false)
 5 SYSTEMPATH\Boot.php(334): CodeIgniter\CodeIgniter->run()
 6 SYSTEMPATH\Boot.php(67): CodeIgniter\Boot::runCodeIgniter(Object(CodeIgniter\CodeIgniter))
 7 FCPATH\index.php(59): CodeIgniter\Boot::bootWeb(Object(Config\Paths))
 8 SYSTEMPATH\rewrite.php(44): require_once('D:\\wamp64\\www\\app_sekolah_muhammadiyah\\public\\index.php')
DEBUG - 2025-06-02 07:46:32 --> Session: Class initialized using 'CodeIgniter\Session\Handlers\FileHandler' driver.
CRITICAL - 2025-06-02 07:46:32 --> CodeIgniter\Exceptions\BadMethodCallException: Call to undefined method App\Models\Model_admin_pegawai::getPegawai
[Method: GET, Route: admin_pegawai]
in SYSTEMPATH\Model.php on line 930.
 1 APPPATH\Controllers\Admin_pegawai.php(31): CodeIgniter\Model->__call('getPegawai', [])
 2 SYSTEMPATH\CodeIgniter.php(933): App\Controllers\Admin_pegawai->index()
 3 SYSTEMPATH\CodeIgniter.php(507): CodeIgniter\CodeIgniter->runController(Object(App\Controllers\Admin_pegawai))
 4 SYSTEMPATH\CodeIgniter.php(354): CodeIgniter\CodeIgniter->handleRequest(null, Object(Config\Cache), false)
 5 SYSTEMPATH\Boot.php(334): CodeIgniter\CodeIgniter->run()
 6 SYSTEMPATH\Boot.php(67): CodeIgniter\Boot::runCodeIgniter(Object(CodeIgniter\CodeIgniter))
 7 FCPATH\index.php(59): CodeIgniter\Boot::bootWeb(Object(Config\Paths))
 8 SYSTEMPATH\rewrite.php(44): require_once('D:\\wamp64\\www\\app_sekolah_muhammadiyah\\public\\index.php')
DEBUG - 2025-06-02 07:46:32 --> Session: Class initialized using 'CodeIgniter\Session\Handlers\FileHandler' driver.
CRITICAL - 2025-06-02 07:46:32 --> CodeIgniter\Exceptions\BadMethodCallException: Call to undefined method App\Models\Model_admin_pegawai::getPegawai
[Method: GET, Route: admin_pegawai]
in SYSTEMPATH\Model.php on line 930.
 1 APPPATH\Controllers\Admin_pegawai.php(31): CodeIgniter\Model->__call('getPegawai', [])
 2 SYSTEMPATH\CodeIgniter.php(933): App\Controllers\Admin_pegawai->index()
 3 SYSTEMPATH\CodeIgniter.php(507): CodeIgniter\CodeIgniter->runController(Object(App\Controllers\Admin_pegawai))
 4 SYSTEMPATH\CodeIgniter.php(354): CodeIgniter\CodeIgniter->handleRequest(null, Object(Config\Cache), false)
 5 SYSTEMPATH\Boot.php(334): CodeIgniter\CodeIgniter->run()
 6 SYSTEMPATH\Boot.php(67): CodeIgniter\Boot::runCodeIgniter(Object(CodeIgniter\CodeIgniter))
 7 FCPATH\index.php(59): CodeIgniter\Boot::bootWeb(Object(Config\Paths))
 8 SYSTEMPATH\rewrite.php(44): require_once('D:\\wamp64\\www\\app_sekolah_muhammadiyah\\public\\index.php')
DEBUG - 2025-06-02 07:46:33 --> Session: Class initialized using 'CodeIgniter\Session\Handlers\FileHandler' driver.
CRITICAL - 2025-06-02 07:46:33 --> CodeIgniter\Exceptions\BadMethodCallException: Call to undefined method App\Models\Model_admin_pegawai::getPegawai
[Method: GET, Route: admin_pegawai]
in SYSTEMPATH\Model.php on line 930.
 1 APPPATH\Controllers\Admin_pegawai.php(31): CodeIgniter\Model->__call('getPegawai', [])
 2 SYSTEMPATH\CodeIgniter.php(933): App\Controllers\Admin_pegawai->index()
 3 SYSTEMPATH\CodeIgniter.php(507): CodeIgniter\CodeIgniter->runController(Object(App\Controllers\Admin_pegawai))
 4 SYSTEMPATH\CodeIgniter.php(354): CodeIgniter\CodeIgniter->handleRequest(null, Object(Config\Cache), false)
 5 SYSTEMPATH\Boot.php(334): CodeIgniter\CodeIgniter->run()
 6 SYSTEMPATH\Boot.php(67): CodeIgniter\Boot::runCodeIgniter(Object(CodeIgniter\CodeIgniter))
 7 FCPATH\index.php(59): CodeIgniter\Boot::bootWeb(Object(Config\Paths))
 8 SYSTEMPATH\rewrite.php(44): require_once('D:\\wamp64\\www\\app_sekolah_muhammadiyah\\public\\index.php')
DEBUG - 2025-06-02 07:46:33 --> Session: Class initialized using 'CodeIgniter\Session\Handlers\FileHandler' driver.
CRITICAL - 2025-06-02 07:46:33 --> CodeIgniter\Exceptions\BadMethodCallException: Call to undefined method App\Models\Model_admin_pegawai::getPegawai
[Method: GET, Route: admin_pegawai]
in SYSTEMPATH\Model.php on line 930.
 1 APPPATH\Controllers\Admin_pegawai.php(31): CodeIgniter\Model->__call('getPegawai', [])
 2 SYSTEMPATH\CodeIgniter.php(933): App\Controllers\Admin_pegawai->index()
 3 SYSTEMPATH\CodeIgniter.php(507): CodeIgniter\CodeIgniter->runController(Object(App\Controllers\Admin_pegawai))
 4 SYSTEMPATH\CodeIgniter.php(354): CodeIgniter\CodeIgniter->handleRequest(null, Object(Config\Cache), false)
 5 SYSTEMPATH\Boot.php(334): CodeIgniter\CodeIgniter->run()
 6 SYSTEMPATH\Boot.php(67): CodeIgniter\Boot::runCodeIgniter(Object(CodeIgniter\CodeIgniter))
 7 FCPATH\index.php(59): CodeIgniter\Boot::bootWeb(Object(Config\Paths))
 8 SYSTEMPATH\rewrite.php(44): require_once('D:\\wamp64\\www\\app_sekolah_muhammadiyah\\public\\index.php')
DEBUG - 2025-06-02 07:46:33 --> Session: Class initialized using 'CodeIgniter\Session\Handlers\FileHandler' driver.
CRITICAL - 2025-06-02 07:46:33 --> CodeIgniter\Exceptions\BadMethodCallException: Call to undefined method App\Models\Model_admin_pegawai::getPegawai
[Method: GET, Route: admin_pegawai]
in SYSTEMPATH\Model.php on line 930.
 1 APPPATH\Controllers\Admin_pegawai.php(31): CodeIgniter\Model->__call('getPegawai', [])
 2 SYSTEMPATH\CodeIgniter.php(933): App\Controllers\Admin_pegawai->index()
 3 SYSTEMPATH\CodeIgniter.php(507): CodeIgniter\CodeIgniter->runController(Object(App\Controllers\Admin_pegawai))
 4 SYSTEMPATH\CodeIgniter.php(354): CodeIgniter\CodeIgniter->handleRequest(null, Object(Config\Cache), false)
 5 SYSTEMPATH\Boot.php(334): CodeIgniter\CodeIgniter->run()
 6 SYSTEMPATH\Boot.php(67): CodeIgniter\Boot::runCodeIgniter(Object(CodeIgniter\CodeIgniter))
 7 FCPATH\index.php(59): CodeIgniter\Boot::bootWeb(Object(Config\Paths))
 8 SYSTEMPATH\rewrite.php(44): require_once('D:\\wamp64\\www\\app_sekolah_muhammadiyah\\public\\index.php')
DEBUG - 2025-06-02 07:46:33 --> Session: Class initialized using 'CodeIgniter\Session\Handlers\FileHandler' driver.
CRITICAL - 2025-06-02 07:46:33 --> CodeIgniter\Exceptions\BadMethodCallException: Call to undefined method App\Models\Model_admin_pegawai::getPegawai
[Method: GET, Route: admin_pegawai]
in SYSTEMPATH\Model.php on line 930.
 1 APPPATH\Controllers\Admin_pegawai.php(31): CodeIgniter\Model->__call('getPegawai', [])
 2 SYSTEMPATH\CodeIgniter.php(933): App\Controllers\Admin_pegawai->index()
 3 SYSTEMPATH\CodeIgniter.php(507): CodeIgniter\CodeIgniter->runController(Object(App\Controllers\Admin_pegawai))
 4 SYSTEMPATH\CodeIgniter.php(354): CodeIgniter\CodeIgniter->handleRequest(null, Object(Config\Cache), false)
 5 SYSTEMPATH\Boot.php(334): CodeIgniter\CodeIgniter->run()
 6 SYSTEMPATH\Boot.php(67): CodeIgniter\Boot::runCodeIgniter(Object(CodeIgniter\CodeIgniter))
 7 FCPATH\index.php(59): CodeIgniter\Boot::bootWeb(Object(Config\Paths))
 8 SYSTEMPATH\rewrite.php(44): require_once('D:\\wamp64\\www\\app_sekolah_muhammadiyah\\public\\index.php')
DEBUG - 2025-06-02 07:46:58 --> Session: Class initialized using 'CodeIgniter\Session\Handlers\FileHandler' driver.
CRITICAL - 2025-06-02 07:46:58 --> CodeIgniter\Exceptions\BadMethodCallException: Call to undefined method App\Models\Model_admin_pegawai::getPegawai
[Method: GET, Route: admin_pegawai]
in SYSTEMPATH\Model.php on line 930.
 1 APPPATH\Controllers\Admin_pegawai.php(31): CodeIgniter\Model->__call('getPegawai', [])
 2 SYSTEMPATH\CodeIgniter.php(933): App\Controllers\Admin_pegawai->index()
 3 SYSTEMPATH\CodeIgniter.php(507): CodeIgniter\CodeIgniter->runController(Object(App\Controllers\Admin_pegawai))
 4 SYSTEMPATH\CodeIgniter.php(354): CodeIgniter\CodeIgniter->handleRequest(null, Object(Config\Cache), false)
 5 SYSTEMPATH\Boot.php(334): CodeIgniter\CodeIgniter->run()
 6 SYSTEMPATH\Boot.php(67): CodeIgniter\Boot::runCodeIgniter(Object(CodeIgniter\CodeIgniter))
 7 FCPATH\index.php(59): CodeIgniter\Boot::bootWeb(Object(Config\Paths))
 8 SYSTEMPATH\rewrite.php(44): require_once('D:\\wamp64\\www\\app_sekolah_muhammadiyah\\public\\index.php')
DEBUG - 2025-06-02 07:47:14 --> Session: Class initialized using 'CodeIgniter\Session\Handlers\FileHandler' driver.
DEBUG - 2025-06-02 07:48:18 --> Session: Class initialized using 'CodeIgniter\Session\Handlers\FileHandler' driver.
DEBUG - 2025-06-02 07:48:19 --> Session: Class initialized using 'CodeIgniter\Session\Handlers\FileHandler' driver.
DEBUG - 2025-06-02 07:48:21 --> Session: Class initialized using 'CodeIgniter\Session\Handlers\FileHandler' driver.
CRITICAL - 2025-06-02 07:48:21 --> ErrorException: Undefined array key "bentuk_pendidikan"
[Method: GET, Route: admin_pegawai]
in APPPATH\Views\admin\kepegawaian\pegawai\v_pegawai.php on line 92.
 1 APPPATH\Views\admin\kepegawaian\pegawai\v_pegawai.php(92): CodeIgniter\Debug\Exceptions->errorHandler(2, 'Undefined array key "bentuk_pendidikan"', 'D:\\wamp64\\www\\app_sekolah_muhammadiyah\\app\\Views\\admin\\kepegawaian\\pegawai\\v_pegawai.php', 92)
 2 SYSTEMPATH\View\View.php(224): include('D:\\wamp64\\www\\app_sekolah_muhammadiyah\\app\\Views\\admin\\kepegawaian\\pegawai\\v_pegawai.php')
 3 SYSTEMPATH\View\View.php(227): CodeIgniter\View\View->CodeIgniter\View\{closure}()
 4 SYSTEMPATH\Common.php(1173): CodeIgniter\View\View->render('admin/kepegawaian/pegawai/v_pegawai', [], true)
 5 APPPATH\Controllers\Admin_pegawai.php(35): view('admin/kepegawaian/pegawai/v_pegawai', [...])
 6 SYSTEMPATH\CodeIgniter.php(933): App\Controllers\Admin_pegawai->index()
 7 SYSTEMPATH\CodeIgniter.php(507): CodeIgniter\CodeIgniter->runController(Object(App\Controllers\Admin_pegawai))
 8 SYSTEMPATH\CodeIgniter.php(354): CodeIgniter\CodeIgniter->handleRequest(null, Object(Config\Cache), false)
 9 SYSTEMPATH\Boot.php(334): CodeIgniter\CodeIgniter->run()
10 SYSTEMPATH\Boot.php(67): CodeIgniter\Boot::runCodeIgniter(Object(CodeIgniter\CodeIgniter))
11 FCPATH\index.php(59): CodeIgniter\Boot::bootWeb(Object(Config\Paths))
12 SYSTEMPATH\rewrite.php(44): require_once('D:\\wamp64\\www\\app_sekolah_muhammadiyah\\public\\index.php')
DEBUG - 2025-06-02 07:49:30 --> Session: Class initialized using 'CodeIgniter\Session\Handlers\FileHandler' driver.
ERROR - 2025-06-02 07:49:30 --> mysqli_sql_exception: Unknown column 'sm_pegawai.bentuk_pendidikan_id' in 'on clause' in D:\wamp64\www\app_sekolah_muhammadiyah\vendor\codeigniter4\framework\system\Database\MySQLi\Connection.php:327
Stack trace:
#0 D:\wamp64\www\app_sekolah_muhammadiyah\vendor\codeigniter4\framework\system\Database\MySQLi\Connection.php(327): mysqli->query('SELECT `sm_pega...', 0)
#1 D:\wamp64\www\app_sekolah_muhammadiyah\vendor\codeigniter4\framework\system\Database\BaseConnection.php(738): CodeIgniter\Database\MySQLi\Connection->execute('SELECT `sm_pega...')
#2 D:\wamp64\www\app_sekolah_muhammadiyah\vendor\codeigniter4\framework\system\Database\BaseConnection.php(652): CodeIgniter\Database\BaseConnection->simpleQuery('SELECT `sm_pega...')
#3 D:\wamp64\www\app_sekolah_muhammadiyah\vendor\codeigniter4\framework\system\Database\BaseBuilder.php(1649): CodeIgniter\Database\BaseConnection->query('SELECT `sm_pega...', Array, false)
#4 D:\wamp64\www\app_sekolah_muhammadiyah\app\Models\Model_admin_pegawai.php(23): CodeIgniter\Database\BaseBuilder->get()
#5 D:\wamp64\www\app_sekolah_muhammadiyah\app\Controllers\Admin_pegawai.php(31): App\Models\Model_admin_pegawai->getAll()
#6 D:\wamp64\www\app_sekolah_muhammadiyah\vendor\codeigniter4\framework\system\CodeIgniter.php(933): App\Controllers\Admin_pegawai->index()
#7 D:\wamp64\www\app_sekolah_muhammadiyah\vendor\codeigniter4\framework\system\CodeIgniter.php(507): CodeIgniter\CodeIgniter->runController(Object(App\Controllers\Admin_pegawai))
#8 D:\wamp64\www\app_sekolah_muhammadiyah\vendor\codeigniter4\framework\system\CodeIgniter.php(354): CodeIgniter\CodeIgniter->handleRequest(NULL, Object(Config\Cache), false)
#9 D:\wamp64\www\app_sekolah_muhammadiyah\vendor\codeigniter4\framework\system\Boot.php(334): CodeIgniter\CodeIgniter->run()
#10 D:\wamp64\www\app_sekolah_muhammadiyah\vendor\codeigniter4\framework\system\Boot.php(67): CodeIgniter\Boot::runCodeIgniter(Object(CodeIgniter\CodeIgniter))
#11 D:\wamp64\www\app_sekolah_muhammadiyah\public\index.php(59): CodeIgniter\Boot::bootWeb(Object(Config\Paths))
#12 D:\wamp64\www\app_sekolah_muhammadiyah\vendor\codeigniter4\framework\system\rewrite.php(44): require_once('D:\\wamp64\\www\\a...')
#13 {main}
CRITICAL - 2025-06-02 07:49:30 --> CodeIgniter\Database\Exceptions\DatabaseException: Unknown column 'sm_pegawai.bentuk_pendidikan_id' in 'on clause'
[Method: GET, Route: admin_pegawai]
in SYSTEMPATH\Database\BaseConnection.php on line 692.
 1 SYSTEMPATH\Database\BaseBuilder.php(1649): CodeIgniter\Database\BaseConnection->query('SELECT `sm_pegawai`.*, `sm_users`.*, `sm_bentuk_pendidikan`.*
FROM `sm_pegawai`
LEFT JOIN `sm_users` ON `sm_users`.`kode_person` = `sm_pegawai`.`person_kode`
LEFT JOIN `sm_bentuk_pendidikan` ON `sm_bentuk_pendidikan`.`id_bentuk_pendidikan` = `sm_pegawai`.`bentuk_pendidikan_id`
WHERE `sm_users`.`sekolah_kode` = :sm_users.sekolah_kode:', [...], false)
 2 APPPATH\Models\Model_admin_pegawai.php(23): CodeIgniter\Database\BaseBuilder->get()
 3 APPPATH\Controllers\Admin_pegawai.php(31): App\Models\Model_admin_pegawai->getAll()
 4 SYSTEMPATH\CodeIgniter.php(933): App\Controllers\Admin_pegawai->index()
 5 SYSTEMPATH\CodeIgniter.php(507): CodeIgniter\CodeIgniter->runController(Object(App\Controllers\Admin_pegawai))
 6 SYSTEMPATH\CodeIgniter.php(354): CodeIgniter\CodeIgniter->handleRequest(null, Object(Config\Cache), false)
 7 SYSTEMPATH\Boot.php(334): CodeIgniter\CodeIgniter->run()
 8 SYSTEMPATH\Boot.php(67): CodeIgniter\Boot::runCodeIgniter(Object(CodeIgniter\CodeIgniter))
 9 FCPATH\index.php(59): CodeIgniter\Boot::bootWeb(Object(Config\Paths))
10 SYSTEMPATH\rewrite.php(44): require_once('D:\\wamp64\\www\\app_sekolah_muhammadiyah\\public\\index.php')
CRITICAL - 2025-06-02 07:49:30 --> [Caused by] CodeIgniter\Database\Exceptions\DatabaseException: Unknown column 'sm_pegawai.bentuk_pendidikan_id' in 'on clause'
in SYSTEMPATH\Database\MySQLi\Connection.php on line 332.
 1 SYSTEMPATH\Database\BaseConnection.php(738): CodeIgniter\Database\MySQLi\Connection->execute('SELECT `sm_pegawai`.*, `sm_users`.*, `sm_bentuk_pendidikan`.*
FROM `sm_pegawai`
LEFT JOIN `sm_users` ON `sm_users`.`kode_person` = `sm_pegawai`.`person_kode`
LEFT JOIN `sm_bentuk_pendidikan` ON `sm_bentuk_pendidikan`.`id_bentuk_pendidikan` = `sm_pegawai`.`bentuk_pendidikan_id`
WHERE `sm_users`.`sekolah_kode` = \'10001\'')
 2 SYSTEMPATH\Database\BaseConnection.php(652): CodeIgniter\Database\BaseConnection->simpleQuery('SELECT `sm_pegawai`.*, `sm_users`.*, `sm_bentuk_pendidikan`.*
FROM `sm_pegawai`
LEFT JOIN `sm_users` ON `sm_users`.`kode_person` = `sm_pegawai`.`person_kode`
LEFT JOIN `sm_bentuk_pendidikan` ON `sm_bentuk_pendidikan`.`id_bentuk_pendidikan` = `sm_pegawai`.`bentuk_pendidikan_id`
WHERE `sm_users`.`sekolah_kode` = \'10001\'')
 3 SYSTEMPATH\Database\BaseBuilder.php(1649): CodeIgniter\Database\BaseConnection->query('SELECT `sm_pegawai`.*, `sm_users`.*, `sm_bentuk_pendidikan`.*
FROM `sm_pegawai`
LEFT JOIN `sm_users` ON `sm_users`.`kode_person` = `sm_pegawai`.`person_kode`
LEFT JOIN `sm_bentuk_pendidikan` ON `sm_bentuk_pendidikan`.`id_bentuk_pendidikan` = `sm_pegawai`.`bentuk_pendidikan_id`
WHERE `sm_users`.`sekolah_kode` = :sm_users.sekolah_kode:', [...], false)
 4 APPPATH\Models\Model_admin_pegawai.php(23): CodeIgniter\Database\BaseBuilder->get()
 5 APPPATH\Controllers\Admin_pegawai.php(31): App\Models\Model_admin_pegawai->getAll()
 6 SYSTEMPATH\CodeIgniter.php(933): App\Controllers\Admin_pegawai->index()
 7 SYSTEMPATH\CodeIgniter.php(507): CodeIgniter\CodeIgniter->runController(Object(App\Controllers\Admin_pegawai))
 8 SYSTEMPATH\CodeIgniter.php(354): CodeIgniter\CodeIgniter->handleRequest(null, Object(Config\Cache), false)
 9 SYSTEMPATH\Boot.php(334): CodeIgniter\CodeIgniter->run()
10 SYSTEMPATH\Boot.php(67): CodeIgniter\Boot::runCodeIgniter(Object(CodeIgniter\CodeIgniter))
11 FCPATH\index.php(59): CodeIgniter\Boot::bootWeb(Object(Config\Paths))
12 SYSTEMPATH\rewrite.php(44): require_once('D:\\wamp64\\www\\app_sekolah_muhammadiyah\\public\\index.php')
CRITICAL - 2025-06-02 07:49:30 --> [Caused by] mysqli_sql_exception: Unknown column 'sm_pegawai.bentuk_pendidikan_id' in 'on clause'
in SYSTEMPATH\Database\MySQLi\Connection.php on line 327.
 1 SYSTEMPATH\Database\MySQLi\Connection.php(327): mysqli->query('SELECT `sm_pegawai`.*, `sm_users`.*, `sm_bentuk_pendidikan`.*
FROM `sm_pegawai`
LEFT JOIN `sm_users` ON `sm_users`.`kode_person` = `sm_pegawai`.`person_kode`
LEFT JOIN `sm_bentuk_pendidikan` ON `sm_bentuk_pendidikan`.`id_bentuk_pendidikan` = `sm_pegawai`.`bentuk_pendidikan_id`
WHERE `sm_users`.`sekolah_kode` = \'10001\'', 0)
 2 SYSTEMPATH\Database\BaseConnection.php(738): CodeIgniter\Database\MySQLi\Connection->execute('SELECT `sm_pegawai`.*, `sm_users`.*, `sm_bentuk_pendidikan`.*
FROM `sm_pegawai`
LEFT JOIN `sm_users` ON `sm_users`.`kode_person` = `sm_pegawai`.`person_kode`
LEFT JOIN `sm_bentuk_pendidikan` ON `sm_bentuk_pendidikan`.`id_bentuk_pendidikan` = `sm_pegawai`.`bentuk_pendidikan_id`
WHERE `sm_users`.`sekolah_kode` = \'10001\'')
 3 SYSTEMPATH\Database\BaseConnection.php(652): CodeIgniter\Database\BaseConnection->simpleQuery('SELECT `sm_pegawai`.*, `sm_users`.*, `sm_bentuk_pendidikan`.*
FROM `sm_pegawai`
LEFT JOIN `sm_users` ON `sm_users`.`kode_person` = `sm_pegawai`.`person_kode`
LEFT JOIN `sm_bentuk_pendidikan` ON `sm_bentuk_pendidikan`.`id_bentuk_pendidikan` = `sm_pegawai`.`bentuk_pendidikan_id`
WHERE `sm_users`.`sekolah_kode` = \'10001\'')
 4 SYSTEMPATH\Database\BaseBuilder.php(1649): CodeIgniter\Database\BaseConnection->query('SELECT `sm_pegawai`.*, `sm_users`.*, `sm_bentuk_pendidikan`.*
FROM `sm_pegawai`
LEFT JOIN `sm_users` ON `sm_users`.`kode_person` = `sm_pegawai`.`person_kode`
LEFT JOIN `sm_bentuk_pendidikan` ON `sm_bentuk_pendidikan`.`id_bentuk_pendidikan` = `sm_pegawai`.`bentuk_pendidikan_id`
WHERE `sm_users`.`sekolah_kode` = :sm_users.sekolah_kode:', [...], false)
 5 APPPATH\Models\Model_admin_pegawai.php(23): CodeIgniter\Database\BaseBuilder->get()
 6 APPPATH\Controllers\Admin_pegawai.php(31): App\Models\Model_admin_pegawai->getAll()
 7 SYSTEMPATH\CodeIgniter.php(933): App\Controllers\Admin_pegawai->index()
 8 SYSTEMPATH\CodeIgniter.php(507): CodeIgniter\CodeIgniter->runController(Object(App\Controllers\Admin_pegawai))
 9 SYSTEMPATH\CodeIgniter.php(354): CodeIgniter\CodeIgniter->handleRequest(null, Object(Config\Cache), false)
10 SYSTEMPATH\Boot.php(334): CodeIgniter\CodeIgniter->run()
11 SYSTEMPATH\Boot.php(67): CodeIgniter\Boot::runCodeIgniter(Object(CodeIgniter\CodeIgniter))
12 FCPATH\index.php(59): CodeIgniter\Boot::bootWeb(Object(Config\Paths))
13 SYSTEMPATH\rewrite.php(44): require_once('D:\\wamp64\\www\\app_sekolah_muhammadiyah\\public\\index.php')
DEBUG - 2025-06-02 07:49:31 --> Session: Class initialized using 'CodeIgniter\Session\Handlers\FileHandler' driver.
ERROR - 2025-06-02 07:49:31 --> mysqli_sql_exception: Unknown column 'sm_pegawai.bentuk_pendidikan_id' in 'on clause' in D:\wamp64\www\app_sekolah_muhammadiyah\vendor\codeigniter4\framework\system\Database\MySQLi\Connection.php:327
Stack trace:
#0 D:\wamp64\www\app_sekolah_muhammadiyah\vendor\codeigniter4\framework\system\Database\MySQLi\Connection.php(327): mysqli->query('SELECT `sm_pega...', 0)
#1 D:\wamp64\www\app_sekolah_muhammadiyah\vendor\codeigniter4\framework\system\Database\BaseConnection.php(738): CodeIgniter\Database\MySQLi\Connection->execute('SELECT `sm_pega...')
#2 D:\wamp64\www\app_sekolah_muhammadiyah\vendor\codeigniter4\framework\system\Database\BaseConnection.php(652): CodeIgniter\Database\BaseConnection->simpleQuery('SELECT `sm_pega...')
#3 D:\wamp64\www\app_sekolah_muhammadiyah\vendor\codeigniter4\framework\system\Database\BaseBuilder.php(1649): CodeIgniter\Database\BaseConnection->query('SELECT `sm_pega...', Array, false)
#4 D:\wamp64\www\app_sekolah_muhammadiyah\app\Models\Model_admin_pegawai.php(23): CodeIgniter\Database\BaseBuilder->get()
#5 D:\wamp64\www\app_sekolah_muhammadiyah\app\Controllers\Admin_pegawai.php(31): App\Models\Model_admin_pegawai->getAll()
#6 D:\wamp64\www\app_sekolah_muhammadiyah\vendor\codeigniter4\framework\system\CodeIgniter.php(933): App\Controllers\Admin_pegawai->index()
#7 D:\wamp64\www\app_sekolah_muhammadiyah\vendor\codeigniter4\framework\system\CodeIgniter.php(507): CodeIgniter\CodeIgniter->runController(Object(App\Controllers\Admin_pegawai))
#8 D:\wamp64\www\app_sekolah_muhammadiyah\vendor\codeigniter4\framework\system\CodeIgniter.php(354): CodeIgniter\CodeIgniter->handleRequest(NULL, Object(Config\Cache), false)
#9 D:\wamp64\www\app_sekolah_muhammadiyah\vendor\codeigniter4\framework\system\Boot.php(334): CodeIgniter\CodeIgniter->run()
#10 D:\wamp64\www\app_sekolah_muhammadiyah\vendor\codeigniter4\framework\system\Boot.php(67): CodeIgniter\Boot::runCodeIgniter(Object(CodeIgniter\CodeIgniter))
#11 D:\wamp64\www\app_sekolah_muhammadiyah\public\index.php(59): CodeIgniter\Boot::bootWeb(Object(Config\Paths))
#12 D:\wamp64\www\app_sekolah_muhammadiyah\vendor\codeigniter4\framework\system\rewrite.php(44): require_once('D:\\wamp64\\www\\a...')
#13 {main}
CRITICAL - 2025-06-02 07:49:31 --> CodeIgniter\Database\Exceptions\DatabaseException: Unknown column 'sm_pegawai.bentuk_pendidikan_id' in 'on clause'
[Method: GET, Route: admin_pegawai]
in SYSTEMPATH\Database\BaseConnection.php on line 692.
 1 SYSTEMPATH\Database\BaseBuilder.php(1649): CodeIgniter\Database\BaseConnection->query('SELECT `sm_pegawai`.*, `sm_users`.*, `sm_bentuk_pendidikan`.*
FROM `sm_pegawai`
LEFT JOIN `sm_users` ON `sm_users`.`kode_person` = `sm_pegawai`.`person_kode`
LEFT JOIN `sm_bentuk_pendidikan` ON `sm_bentuk_pendidikan`.`id_bentuk_pendidikan` = `sm_pegawai`.`bentuk_pendidikan_id`
WHERE `sm_users`.`sekolah_kode` = :sm_users.sekolah_kode:', [...], false)
 2 APPPATH\Models\Model_admin_pegawai.php(23): CodeIgniter\Database\BaseBuilder->get()
 3 APPPATH\Controllers\Admin_pegawai.php(31): App\Models\Model_admin_pegawai->getAll()
 4 SYSTEMPATH\CodeIgniter.php(933): App\Controllers\Admin_pegawai->index()
 5 SYSTEMPATH\CodeIgniter.php(507): CodeIgniter\CodeIgniter->runController(Object(App\Controllers\Admin_pegawai))
 6 SYSTEMPATH\CodeIgniter.php(354): CodeIgniter\CodeIgniter->handleRequest(null, Object(Config\Cache), false)
 7 SYSTEMPATH\Boot.php(334): CodeIgniter\CodeIgniter->run()
 8 SYSTEMPATH\Boot.php(67): CodeIgniter\Boot::runCodeIgniter(Object(CodeIgniter\CodeIgniter))
 9 FCPATH\index.php(59): CodeIgniter\Boot::bootWeb(Object(Config\Paths))
10 SYSTEMPATH\rewrite.php(44): require_once('D:\\wamp64\\www\\app_sekolah_muhammadiyah\\public\\index.php')
CRITICAL - 2025-06-02 07:49:31 --> [Caused by] CodeIgniter\Database\Exceptions\DatabaseException: Unknown column 'sm_pegawai.bentuk_pendidikan_id' in 'on clause'
in SYSTEMPATH\Database\MySQLi\Connection.php on line 332.
 1 SYSTEMPATH\Database\BaseConnection.php(738): CodeIgniter\Database\MySQLi\Connection->execute('SELECT `sm_pegawai`.*, `sm_users`.*, `sm_bentuk_pendidikan`.*
FROM `sm_pegawai`
LEFT JOIN `sm_users` ON `sm_users`.`kode_person` = `sm_pegawai`.`person_kode`
LEFT JOIN `sm_bentuk_pendidikan` ON `sm_bentuk_pendidikan`.`id_bentuk_pendidikan` = `sm_pegawai`.`bentuk_pendidikan_id`
WHERE `sm_users`.`sekolah_kode` = \'10001\'')
 2 SYSTEMPATH\Database\BaseConnection.php(652): CodeIgniter\Database\BaseConnection->simpleQuery('SELECT `sm_pegawai`.*, `sm_users`.*, `sm_bentuk_pendidikan`.*
FROM `sm_pegawai`
LEFT JOIN `sm_users` ON `sm_users`.`kode_person` = `sm_pegawai`.`person_kode`
LEFT JOIN `sm_bentuk_pendidikan` ON `sm_bentuk_pendidikan`.`id_bentuk_pendidikan` = `sm_pegawai`.`bentuk_pendidikan_id`
WHERE `sm_users`.`sekolah_kode` = \'10001\'')
 3 SYSTEMPATH\Database\BaseBuilder.php(1649): CodeIgniter\Database\BaseConnection->query('SELECT `sm_pegawai`.*, `sm_users`.*, `sm_bentuk_pendidikan`.*
FROM `sm_pegawai`
LEFT JOIN `sm_users` ON `sm_users`.`kode_person` = `sm_pegawai`.`person_kode`
LEFT JOIN `sm_bentuk_pendidikan` ON `sm_bentuk_pendidikan`.`id_bentuk_pendidikan` = `sm_pegawai`.`bentuk_pendidikan_id`
WHERE `sm_users`.`sekolah_kode` = :sm_users.sekolah_kode:', [...], false)
 4 APPPATH\Models\Model_admin_pegawai.php(23): CodeIgniter\Database\BaseBuilder->get()
 5 APPPATH\Controllers\Admin_pegawai.php(31): App\Models\Model_admin_pegawai->getAll()
 6 SYSTEMPATH\CodeIgniter.php(933): App\Controllers\Admin_pegawai->index()
 7 SYSTEMPATH\CodeIgniter.php(507): CodeIgniter\CodeIgniter->runController(Object(App\Controllers\Admin_pegawai))
 8 SYSTEMPATH\CodeIgniter.php(354): CodeIgniter\CodeIgniter->handleRequest(null, Object(Config\Cache), false)
 9 SYSTEMPATH\Boot.php(334): CodeIgniter\CodeIgniter->run()
10 SYSTEMPATH\Boot.php(67): CodeIgniter\Boot::runCodeIgniter(Object(CodeIgniter\CodeIgniter))
11 FCPATH\index.php(59): CodeIgniter\Boot::bootWeb(Object(Config\Paths))
12 SYSTEMPATH\rewrite.php(44): require_once('D:\\wamp64\\www\\app_sekolah_muhammadiyah\\public\\index.php')
CRITICAL - 2025-06-02 07:49:31 --> [Caused by] mysqli_sql_exception: Unknown column 'sm_pegawai.bentuk_pendidikan_id' in 'on clause'
in SYSTEMPATH\Database\MySQLi\Connection.php on line 327.
 1 SYSTEMPATH\Database\MySQLi\Connection.php(327): mysqli->query('SELECT `sm_pegawai`.*, `sm_users`.*, `sm_bentuk_pendidikan`.*
FROM `sm_pegawai`
LEFT JOIN `sm_users` ON `sm_users`.`kode_person` = `sm_pegawai`.`person_kode`
LEFT JOIN `sm_bentuk_pendidikan` ON `sm_bentuk_pendidikan`.`id_bentuk_pendidikan` = `sm_pegawai`.`bentuk_pendidikan_id`
WHERE `sm_users`.`sekolah_kode` = \'10001\'', 0)
 2 SYSTEMPATH\Database\BaseConnection.php(738): CodeIgniter\Database\MySQLi\Connection->execute('SELECT `sm_pegawai`.*, `sm_users`.*, `sm_bentuk_pendidikan`.*
FROM `sm_pegawai`
LEFT JOIN `sm_users` ON `sm_users`.`kode_person` = `sm_pegawai`.`person_kode`
LEFT JOIN `sm_bentuk_pendidikan` ON `sm_bentuk_pendidikan`.`id_bentuk_pendidikan` = `sm_pegawai`.`bentuk_pendidikan_id`
WHERE `sm_users`.`sekolah_kode` = \'10001\'')
 3 SYSTEMPATH\Database\BaseConnection.php(652): CodeIgniter\Database\BaseConnection->simpleQuery('SELECT `sm_pegawai`.*, `sm_users`.*, `sm_bentuk_pendidikan`.*
FROM `sm_pegawai`
LEFT JOIN `sm_users` ON `sm_users`.`kode_person` = `sm_pegawai`.`person_kode`
LEFT JOIN `sm_bentuk_pendidikan` ON `sm_bentuk_pendidikan`.`id_bentuk_pendidikan` = `sm_pegawai`.`bentuk_pendidikan_id`
WHERE `sm_users`.`sekolah_kode` = \'10001\'')
 4 SYSTEMPATH\Database\BaseBuilder.php(1649): CodeIgniter\Database\BaseConnection->query('SELECT `sm_pegawai`.*, `sm_users`.*, `sm_bentuk_pendidikan`.*
FROM `sm_pegawai`
LEFT JOIN `sm_users` ON `sm_users`.`kode_person` = `sm_pegawai`.`person_kode`
LEFT JOIN `sm_bentuk_pendidikan` ON `sm_bentuk_pendidikan`.`id_bentuk_pendidikan` = `sm_pegawai`.`bentuk_pendidikan_id`
WHERE `sm_users`.`sekolah_kode` = :sm_users.sekolah_kode:', [...], false)
 5 APPPATH\Models\Model_admin_pegawai.php(23): CodeIgniter\Database\BaseBuilder->get()
 6 APPPATH\Controllers\Admin_pegawai.php(31): App\Models\Model_admin_pegawai->getAll()
 7 SYSTEMPATH\CodeIgniter.php(933): App\Controllers\Admin_pegawai->index()
 8 SYSTEMPATH\CodeIgniter.php(507): CodeIgniter\CodeIgniter->runController(Object(App\Controllers\Admin_pegawai))
 9 SYSTEMPATH\CodeIgniter.php(354): CodeIgniter\CodeIgniter->handleRequest(null, Object(Config\Cache), false)
10 SYSTEMPATH\Boot.php(334): CodeIgniter\CodeIgniter->run()
11 SYSTEMPATH\Boot.php(67): CodeIgniter\Boot::runCodeIgniter(Object(CodeIgniter\CodeIgniter))
12 FCPATH\index.php(59): CodeIgniter\Boot::bootWeb(Object(Config\Paths))
13 SYSTEMPATH\rewrite.php(44): require_once('D:\\wamp64\\www\\app_sekolah_muhammadiyah\\public\\index.php')
DEBUG - 2025-06-02 07:49:48 --> Session: Class initialized using 'CodeIgniter\Session\Handlers\FileHandler' driver.
CRITICAL - 2025-06-02 07:49:48 --> ErrorException: Undefined array key "nama_kelas"
[Method: GET, Route: admin_pegawai]
in APPPATH\Views\admin\kepegawaian\pegawai\v_pegawai.php on line 93.
 1 APPPATH\Views\admin\kepegawaian\pegawai\v_pegawai.php(93): CodeIgniter\Debug\Exceptions->errorHandler(2, 'Undefined array key "nama_kelas"', 'D:\\wamp64\\www\\app_sekolah_muhammadiyah\\app\\Views\\admin\\kepegawaian\\pegawai\\v_pegawai.php', 93)
 2 SYSTEMPATH\View\View.php(224): include('D:\\wamp64\\www\\app_sekolah_muhammadiyah\\app\\Views\\admin\\kepegawaian\\pegawai\\v_pegawai.php')
 3 SYSTEMPATH\View\View.php(227): CodeIgniter\View\View->CodeIgniter\View\{closure}()
 4 SYSTEMPATH\Common.php(1173): CodeIgniter\View\View->render('admin/kepegawaian/pegawai/v_pegawai', [], true)
 5 APPPATH\Controllers\Admin_pegawai.php(35): view('admin/kepegawaian/pegawai/v_pegawai', [...])
 6 SYSTEMPATH\CodeIgniter.php(933): App\Controllers\Admin_pegawai->index()
 7 SYSTEMPATH\CodeIgniter.php(507): CodeIgniter\CodeIgniter->runController(Object(App\Controllers\Admin_pegawai))
 8 SYSTEMPATH\CodeIgniter.php(354): CodeIgniter\CodeIgniter->handleRequest(null, Object(Config\Cache), false)
 9 SYSTEMPATH\Boot.php(334): CodeIgniter\CodeIgniter->run()
10 SYSTEMPATH\Boot.php(67): CodeIgniter\Boot::runCodeIgniter(Object(CodeIgniter\CodeIgniter))
11 FCPATH\index.php(59): CodeIgniter\Boot::bootWeb(Object(Config\Paths))
12 SYSTEMPATH\rewrite.php(44): require_once('D:\\wamp64\\www\\app_sekolah_muhammadiyah\\public\\index.php')
DEBUG - 2025-06-02 07:49:50 --> Session: Class initialized using 'CodeIgniter\Session\Handlers\FileHandler' driver.
CRITICAL - 2025-06-02 07:49:50 --> ErrorException: Undefined array key "nama_kelas"
[Method: GET, Route: admin_pegawai]
in APPPATH\Views\admin\kepegawaian\pegawai\v_pegawai.php on line 93.
 1 APPPATH\Views\admin\kepegawaian\pegawai\v_pegawai.php(93): CodeIgniter\Debug\Exceptions->errorHandler(2, 'Undefined array key "nama_kelas"', 'D:\\wamp64\\www\\app_sekolah_muhammadiyah\\app\\Views\\admin\\kepegawaian\\pegawai\\v_pegawai.php', 93)
 2 SYSTEMPATH\View\View.php(224): include('D:\\wamp64\\www\\app_sekolah_muhammadiyah\\app\\Views\\admin\\kepegawaian\\pegawai\\v_pegawai.php')
 3 SYSTEMPATH\View\View.php(227): CodeIgniter\View\View->CodeIgniter\View\{closure}()
 4 SYSTEMPATH\Common.php(1173): CodeIgniter\View\View->render('admin/kepegawaian/pegawai/v_pegawai', [], true)
 5 APPPATH\Controllers\Admin_pegawai.php(35): view('admin/kepegawaian/pegawai/v_pegawai', [...])
 6 SYSTEMPATH\CodeIgniter.php(933): App\Controllers\Admin_pegawai->index()
 7 SYSTEMPATH\CodeIgniter.php(507): CodeIgniter\CodeIgniter->runController(Object(App\Controllers\Admin_pegawai))
 8 SYSTEMPATH\CodeIgniter.php(354): CodeIgniter\CodeIgniter->handleRequest(null, Object(Config\Cache), false)
 9 SYSTEMPATH\Boot.php(334): CodeIgniter\CodeIgniter->run()
10 SYSTEMPATH\Boot.php(67): CodeIgniter\Boot::runCodeIgniter(Object(CodeIgniter\CodeIgniter))
11 FCPATH\index.php(59): CodeIgniter\Boot::bootWeb(Object(Config\Paths))
12 SYSTEMPATH\rewrite.php(44): require_once('D:\\wamp64\\www\\app_sekolah_muhammadiyah\\public\\index.php')
DEBUG - 2025-06-02 07:50:49 --> Session: Class initialized using 'CodeIgniter\Session\Handlers\FileHandler' driver.
CRITICAL - 2025-06-02 07:50:49 --> ErrorException: Undefined array key "jabatan"
[Method: GET, Route: admin_pegawai]
in APPPATH\Views\admin\kepegawaian\pegawai\v_pegawai.php on line 93.
 1 APPPATH\Views\admin\kepegawaian\pegawai\v_pegawai.php(93): CodeIgniter\Debug\Exceptions->errorHandler(2, 'Undefined array key "jabatan"', 'D:\\wamp64\\www\\app_sekolah_muhammadiyah\\app\\Views\\admin\\kepegawaian\\pegawai\\v_pegawai.php', 93)
 2 SYSTEMPATH\View\View.php(224): include('D:\\wamp64\\www\\app_sekolah_muhammadiyah\\app\\Views\\admin\\kepegawaian\\pegawai\\v_pegawai.php')
 3 SYSTEMPATH\View\View.php(227): CodeIgniter\View\View->CodeIgniter\View\{closure}()
 4 SYSTEMPATH\Common.php(1173): CodeIgniter\View\View->render('admin/kepegawaian/pegawai/v_pegawai', [], true)
 5 APPPATH\Controllers\Admin_pegawai.php(35): view('admin/kepegawaian/pegawai/v_pegawai', [...])
 6 SYSTEMPATH\CodeIgniter.php(933): App\Controllers\Admin_pegawai->index()
 7 SYSTEMPATH\CodeIgniter.php(507): CodeIgniter\CodeIgniter->runController(Object(App\Controllers\Admin_pegawai))
 8 SYSTEMPATH\CodeIgniter.php(354): CodeIgniter\CodeIgniter->handleRequest(null, Object(Config\Cache), false)
 9 SYSTEMPATH\Boot.php(334): CodeIgniter\CodeIgniter->run()
10 SYSTEMPATH\Boot.php(67): CodeIgniter\Boot::runCodeIgniter(Object(CodeIgniter\CodeIgniter))
11 FCPATH\index.php(59): CodeIgniter\Boot::bootWeb(Object(Config\Paths))
12 SYSTEMPATH\rewrite.php(44): require_once('D:\\wamp64\\www\\app_sekolah_muhammadiyah\\public\\index.php')
DEBUG - 2025-06-02 07:50:50 --> Session: Class initialized using 'CodeIgniter\Session\Handlers\FileHandler' driver.
CRITICAL - 2025-06-02 07:50:50 --> ErrorException: Undefined array key "jabatan"
[Method: GET, Route: admin_pegawai]
in APPPATH\Views\admin\kepegawaian\pegawai\v_pegawai.php on line 93.
 1 APPPATH\Views\admin\kepegawaian\pegawai\v_pegawai.php(93): CodeIgniter\Debug\Exceptions->errorHandler(2, 'Undefined array key "jabatan"', 'D:\\wamp64\\www\\app_sekolah_muhammadiyah\\app\\Views\\admin\\kepegawaian\\pegawai\\v_pegawai.php', 93)
 2 SYSTEMPATH\View\View.php(224): include('D:\\wamp64\\www\\app_sekolah_muhammadiyah\\app\\Views\\admin\\kepegawaian\\pegawai\\v_pegawai.php')
 3 SYSTEMPATH\View\View.php(227): CodeIgniter\View\View->CodeIgniter\View\{closure}()
 4 SYSTEMPATH\Common.php(1173): CodeIgniter\View\View->render('admin/kepegawaian/pegawai/v_pegawai', [], true)
 5 APPPATH\Controllers\Admin_pegawai.php(35): view('admin/kepegawaian/pegawai/v_pegawai', [...])
 6 SYSTEMPATH\CodeIgniter.php(933): App\Controllers\Admin_pegawai->index()
 7 SYSTEMPATH\CodeIgniter.php(507): CodeIgniter\CodeIgniter->runController(Object(App\Controllers\Admin_pegawai))
 8 SYSTEMPATH\CodeIgniter.php(354): CodeIgniter\CodeIgniter->handleRequest(null, Object(Config\Cache), false)
 9 SYSTEMPATH\Boot.php(334): CodeIgniter\CodeIgniter->run()
10 SYSTEMPATH\Boot.php(67): CodeIgniter\Boot::runCodeIgniter(Object(CodeIgniter\CodeIgniter))
11 FCPATH\index.php(59): CodeIgniter\Boot::bootWeb(Object(Config\Paths))
12 SYSTEMPATH\rewrite.php(44): require_once('D:\\wamp64\\www\\app_sekolah_muhammadiyah\\public\\index.php')
DEBUG - 2025-06-02 07:50:50 --> Session: Class initialized using 'CodeIgniter\Session\Handlers\FileHandler' driver.
CRITICAL - 2025-06-02 07:50:50 --> ErrorException: Undefined array key "jabatan"
[Method: GET, Route: admin_pegawai]
in APPPATH\Views\admin\kepegawaian\pegawai\v_pegawai.php on line 93.
 1 APPPATH\Views\admin\kepegawaian\pegawai\v_pegawai.php(93): CodeIgniter\Debug\Exceptions->errorHandler(2, 'Undefined array key "jabatan"', 'D:\\wamp64\\www\\app_sekolah_muhammadiyah\\app\\Views\\admin\\kepegawaian\\pegawai\\v_pegawai.php', 93)
 2 SYSTEMPATH\View\View.php(224): include('D:\\wamp64\\www\\app_sekolah_muhammadiyah\\app\\Views\\admin\\kepegawaian\\pegawai\\v_pegawai.php')
 3 SYSTEMPATH\View\View.php(227): CodeIgniter\View\View->CodeIgniter\View\{closure}()
 4 SYSTEMPATH\Common.php(1173): CodeIgniter\View\View->render('admin/kepegawaian/pegawai/v_pegawai', [], true)
 5 APPPATH\Controllers\Admin_pegawai.php(35): view('admin/kepegawaian/pegawai/v_pegawai', [...])
 6 SYSTEMPATH\CodeIgniter.php(933): App\Controllers\Admin_pegawai->index()
 7 SYSTEMPATH\CodeIgniter.php(507): CodeIgniter\CodeIgniter->runController(Object(App\Controllers\Admin_pegawai))
 8 SYSTEMPATH\CodeIgniter.php(354): CodeIgniter\CodeIgniter->handleRequest(null, Object(Config\Cache), false)
 9 SYSTEMPATH\Boot.php(334): CodeIgniter\CodeIgniter->run()
10 SYSTEMPATH\Boot.php(67): CodeIgniter\Boot::runCodeIgniter(Object(CodeIgniter\CodeIgniter))
11 FCPATH\index.php(59): CodeIgniter\Boot::bootWeb(Object(Config\Paths))
12 SYSTEMPATH\rewrite.php(44): require_once('D:\\wamp64\\www\\app_sekolah_muhammadiyah\\public\\index.php')
DEBUG - 2025-06-02 07:50:50 --> Session: Class initialized using 'CodeIgniter\Session\Handlers\FileHandler' driver.
CRITICAL - 2025-06-02 07:50:50 --> ErrorException: Undefined array key "jabatan"
[Method: GET, Route: admin_pegawai]
in APPPATH\Views\admin\kepegawaian\pegawai\v_pegawai.php on line 93.
 1 APPPATH\Views\admin\kepegawaian\pegawai\v_pegawai.php(93): CodeIgniter\Debug\Exceptions->errorHandler(2, 'Undefined array key "jabatan"', 'D:\\wamp64\\www\\app_sekolah_muhammadiyah\\app\\Views\\admin\\kepegawaian\\pegawai\\v_pegawai.php', 93)
 2 SYSTEMPATH\View\View.php(224): include('D:\\wamp64\\www\\app_sekolah_muhammadiyah\\app\\Views\\admin\\kepegawaian\\pegawai\\v_pegawai.php')
 3 SYSTEMPATH\View\View.php(227): CodeIgniter\View\View->CodeIgniter\View\{closure}()
 4 SYSTEMPATH\Common.php(1173): CodeIgniter\View\View->render('admin/kepegawaian/pegawai/v_pegawai', [], true)
 5 APPPATH\Controllers\Admin_pegawai.php(35): view('admin/kepegawaian/pegawai/v_pegawai', [...])
 6 SYSTEMPATH\CodeIgniter.php(933): App\Controllers\Admin_pegawai->index()
 7 SYSTEMPATH\CodeIgniter.php(507): CodeIgniter\CodeIgniter->runController(Object(App\Controllers\Admin_pegawai))
 8 SYSTEMPATH\CodeIgniter.php(354): CodeIgniter\CodeIgniter->handleRequest(null, Object(Config\Cache), false)
 9 SYSTEMPATH\Boot.php(334): CodeIgniter\CodeIgniter->run()
10 SYSTEMPATH\Boot.php(67): CodeIgniter\Boot::runCodeIgniter(Object(CodeIgniter\CodeIgniter))
11 FCPATH\index.php(59): CodeIgniter\Boot::bootWeb(Object(Config\Paths))
12 SYSTEMPATH\rewrite.php(44): require_once('D:\\wamp64\\www\\app_sekolah_muhammadiyah\\public\\index.php')
DEBUG - 2025-06-02 07:50:51 --> Session: Class initialized using 'CodeIgniter\Session\Handlers\FileHandler' driver.
CRITICAL - 2025-06-02 07:50:51 --> ErrorException: Undefined array key "jabatan"
[Method: GET, Route: admin_pegawai]
in APPPATH\Views\admin\kepegawaian\pegawai\v_pegawai.php on line 93.
 1 APPPATH\Views\admin\kepegawaian\pegawai\v_pegawai.php(93): CodeIgniter\Debug\Exceptions->errorHandler(2, 'Undefined array key "jabatan"', 'D:\\wamp64\\www\\app_sekolah_muhammadiyah\\app\\Views\\admin\\kepegawaian\\pegawai\\v_pegawai.php', 93)
 2 SYSTEMPATH\View\View.php(224): include('D:\\wamp64\\www\\app_sekolah_muhammadiyah\\app\\Views\\admin\\kepegawaian\\pegawai\\v_pegawai.php')
 3 SYSTEMPATH\View\View.php(227): CodeIgniter\View\View->CodeIgniter\View\{closure}()
 4 SYSTEMPATH\Common.php(1173): CodeIgniter\View\View->render('admin/kepegawaian/pegawai/v_pegawai', [], true)
 5 APPPATH\Controllers\Admin_pegawai.php(35): view('admin/kepegawaian/pegawai/v_pegawai', [...])
 6 SYSTEMPATH\CodeIgniter.php(933): App\Controllers\Admin_pegawai->index()
 7 SYSTEMPATH\CodeIgniter.php(507): CodeIgniter\CodeIgniter->runController(Object(App\Controllers\Admin_pegawai))
 8 SYSTEMPATH\CodeIgniter.php(354): CodeIgniter\CodeIgniter->handleRequest(null, Object(Config\Cache), false)
 9 SYSTEMPATH\Boot.php(334): CodeIgniter\CodeIgniter->run()
10 SYSTEMPATH\Boot.php(67): CodeIgniter\Boot::runCodeIgniter(Object(CodeIgniter\CodeIgniter))
11 FCPATH\index.php(59): CodeIgniter\Boot::bootWeb(Object(Config\Paths))
12 SYSTEMPATH\rewrite.php(44): require_once('D:\\wamp64\\www\\app_sekolah_muhammadiyah\\public\\index.php')
DEBUG - 2025-06-02 07:51:41 --> Session: Class initialized using 'CodeIgniter\Session\Handlers\FileHandler' driver.
DEBUG - 2025-06-02 07:52:27 --> Session: Class initialized using 'CodeIgniter\Session\Handlers\FileHandler' driver.
DEBUG - 2025-06-02 07:53:59 --> Session: Class initialized using 'CodeIgniter\Session\Handlers\FileHandler' driver.
ERROR - 2025-06-02 07:53:59 --> mysqli_sql_exception: Unknown column 'sm_pegawai.bentuk_pendidik_id' in 'on clause' in D:\wamp64\www\app_sekolah_muhammadiyah\vendor\codeigniter4\framework\system\Database\MySQLi\Connection.php:327
Stack trace:
#0 D:\wamp64\www\app_sekolah_muhammadiyah\vendor\codeigniter4\framework\system\Database\MySQLi\Connection.php(327): mysqli->query('SELECT `sm_pega...', 0)
#1 D:\wamp64\www\app_sekolah_muhammadiyah\vendor\codeigniter4\framework\system\Database\BaseConnection.php(738): CodeIgniter\Database\MySQLi\Connection->execute('SELECT `sm_pega...')
#2 D:\wamp64\www\app_sekolah_muhammadiyah\vendor\codeigniter4\framework\system\Database\BaseConnection.php(652): CodeIgniter\Database\BaseConnection->simpleQuery('SELECT `sm_pega...')
#3 D:\wamp64\www\app_sekolah_muhammadiyah\vendor\codeigniter4\framework\system\Database\BaseBuilder.php(1649): CodeIgniter\Database\BaseConnection->query('SELECT `sm_pega...', Array, false)
#4 D:\wamp64\www\app_sekolah_muhammadiyah\app\Models\Model_admin_pegawai.php(24): CodeIgniter\Database\BaseBuilder->get()
#5 D:\wamp64\www\app_sekolah_muhammadiyah\app\Controllers\Admin_pegawai.php(31): App\Models\Model_admin_pegawai->getAll()
#6 D:\wamp64\www\app_sekolah_muhammadiyah\vendor\codeigniter4\framework\system\CodeIgniter.php(933): App\Controllers\Admin_pegawai->index()
#7 D:\wamp64\www\app_sekolah_muhammadiyah\vendor\codeigniter4\framework\system\CodeIgniter.php(507): CodeIgniter\CodeIgniter->runController(Object(App\Controllers\Admin_pegawai))
#8 D:\wamp64\www\app_sekolah_muhammadiyah\vendor\codeigniter4\framework\system\CodeIgniter.php(354): CodeIgniter\CodeIgniter->handleRequest(NULL, Object(Config\Cache), false)
#9 D:\wamp64\www\app_sekolah_muhammadiyah\vendor\codeigniter4\framework\system\Boot.php(334): CodeIgniter\CodeIgniter->run()
#10 D:\wamp64\www\app_sekolah_muhammadiyah\vendor\codeigniter4\framework\system\Boot.php(67): CodeIgniter\Boot::runCodeIgniter(Object(CodeIgniter\CodeIgniter))
#11 D:\wamp64\www\app_sekolah_muhammadiyah\public\index.php(59): CodeIgniter\Boot::bootWeb(Object(Config\Paths))
#12 D:\wamp64\www\app_sekolah_muhammadiyah\vendor\codeigniter4\framework\system\rewrite.php(44): require_once('D:\\wamp64\\www\\a...')
#13 {main}
CRITICAL - 2025-06-02 07:53:59 --> CodeIgniter\Database\Exceptions\DatabaseException: Unknown column 'sm_pegawai.bentuk_pendidik_id' in 'on clause'
[Method: GET, Route: admin_pegawai]
in SYSTEMPATH\Database\BaseConnection.php on line 692.
 1 SYSTEMPATH\Database\BaseBuilder.php(1649): CodeIgniter\Database\BaseConnection->query('SELECT `sm_pegawai`.*, `sm_users`.*, `sm_bentuk_pendidikan`.*, `sm_jabatan`.*
FROM `sm_pegawai`
LEFT JOIN `sm_users` ON `sm_users`.`kode_person` = `sm_pegawai`.`person_kode`
LEFT JOIN `sm_bentuk_pendidikan` ON `sm_bentuk_pendidikan`.`id_bentuk_pendidikan` = `sm_pegawai`.`bentuk_pendidik_id`
LEFT JOIN `sm_jabatan` ON `sm_jabatan`.`id_jabatan` = `sm_pegawai`.`jabatan_id`
WHERE `sm_users`.`sekolah_kode` = :sm_users.sekolah_kode:', [...], false)
 2 APPPATH\Models\Model_admin_pegawai.php(24): CodeIgniter\Database\BaseBuilder->get()
 3 APPPATH\Controllers\Admin_pegawai.php(31): App\Models\Model_admin_pegawai->getAll()
 4 SYSTEMPATH\CodeIgniter.php(933): App\Controllers\Admin_pegawai->index()
 5 SYSTEMPATH\CodeIgniter.php(507): CodeIgniter\CodeIgniter->runController(Object(App\Controllers\Admin_pegawai))
 6 SYSTEMPATH\CodeIgniter.php(354): CodeIgniter\CodeIgniter->handleRequest(null, Object(Config\Cache), false)
 7 SYSTEMPATH\Boot.php(334): CodeIgniter\CodeIgniter->run()
 8 SYSTEMPATH\Boot.php(67): CodeIgniter\Boot::runCodeIgniter(Object(CodeIgniter\CodeIgniter))
 9 FCPATH\index.php(59): CodeIgniter\Boot::bootWeb(Object(Config\Paths))
10 SYSTEMPATH\rewrite.php(44): require_once('D:\\wamp64\\www\\app_sekolah_muhammadiyah\\public\\index.php')
CRITICAL - 2025-06-02 07:53:59 --> [Caused by] CodeIgniter\Database\Exceptions\DatabaseException: Unknown column 'sm_pegawai.bentuk_pendidik_id' in 'on clause'
in SYSTEMPATH\Database\MySQLi\Connection.php on line 332.
 1 SYSTEMPATH\Database\BaseConnection.php(738): CodeIgniter\Database\MySQLi\Connection->execute('SELECT `sm_pegawai`.*, `sm_users`.*, `sm_bentuk_pendidikan`.*, `sm_jabatan`.*
FROM `sm_pegawai`
LEFT JOIN `sm_users` ON `sm_users`.`kode_person` = `sm_pegawai`.`person_kode`
LEFT JOIN `sm_bentuk_pendidikan` ON `sm_bentuk_pendidikan`.`id_bentuk_pendidikan` = `sm_pegawai`.`bentuk_pendidik_id`
LEFT JOIN `sm_jabatan` ON `sm_jabatan`.`id_jabatan` = `sm_pegawai`.`jabatan_id`
WHERE `sm_users`.`sekolah_kode` = \'10001\'')
 2 SYSTEMPATH\Database\BaseConnection.php(652): CodeIgniter\Database\BaseConnection->simpleQuery('SELECT `sm_pegawai`.*, `sm_users`.*, `sm_bentuk_pendidikan`.*, `sm_jabatan`.*
FROM `sm_pegawai`
LEFT JOIN `sm_users` ON `sm_users`.`kode_person` = `sm_pegawai`.`person_kode`
LEFT JOIN `sm_bentuk_pendidikan` ON `sm_bentuk_pendidikan`.`id_bentuk_pendidikan` = `sm_pegawai`.`bentuk_pendidik_id`
LEFT JOIN `sm_jabatan` ON `sm_jabatan`.`id_jabatan` = `sm_pegawai`.`jabatan_id`
WHERE `sm_users`.`sekolah_kode` = \'10001\'')
 3 SYSTEMPATH\Database\BaseBuilder.php(1649): CodeIgniter\Database\BaseConnection->query('SELECT `sm_pegawai`.*, `sm_users`.*, `sm_bentuk_pendidikan`.*, `sm_jabatan`.*
FROM `sm_pegawai`
LEFT JOIN `sm_users` ON `sm_users`.`kode_person` = `sm_pegawai`.`person_kode`
LEFT JOIN `sm_bentuk_pendidikan` ON `sm_bentuk_pendidikan`.`id_bentuk_pendidikan` = `sm_pegawai`.`bentuk_pendidik_id`
LEFT JOIN `sm_jabatan` ON `sm_jabatan`.`id_jabatan` = `sm_pegawai`.`jabatan_id`
WHERE `sm_users`.`sekolah_kode` = :sm_users.sekolah_kode:', [...], false)
 4 APPPATH\Models\Model_admin_pegawai.php(24): CodeIgniter\Database\BaseBuilder->get()
 5 APPPATH\Controllers\Admin_pegawai.php(31): App\Models\Model_admin_pegawai->getAll()
 6 SYSTEMPATH\CodeIgniter.php(933): App\Controllers\Admin_pegawai->index()
 7 SYSTEMPATH\CodeIgniter.php(507): CodeIgniter\CodeIgniter->runController(Object(App\Controllers\Admin_pegawai))
 8 SYSTEMPATH\CodeIgniter.php(354): CodeIgniter\CodeIgniter->handleRequest(null, Object(Config\Cache), false)
 9 SYSTEMPATH\Boot.php(334): CodeIgniter\CodeIgniter->run()
10 SYSTEMPATH\Boot.php(67): CodeIgniter\Boot::runCodeIgniter(Object(CodeIgniter\CodeIgniter))
11 FCPATH\index.php(59): CodeIgniter\Boot::bootWeb(Object(Config\Paths))
12 SYSTEMPATH\rewrite.php(44): require_once('D:\\wamp64\\www\\app_sekolah_muhammadiyah\\public\\index.php')
CRITICAL - 2025-06-02 07:53:59 --> [Caused by] mysqli_sql_exception: Unknown column 'sm_pegawai.bentuk_pendidik_id' in 'on clause'
in SYSTEMPATH\Database\MySQLi\Connection.php on line 327.
 1 SYSTEMPATH\Database\MySQLi\Connection.php(327): mysqli->query('SELECT `sm_pegawai`.*, `sm_users`.*, `sm_bentuk_pendidikan`.*, `sm_jabatan`.*
FROM `sm_pegawai`
LEFT JOIN `sm_users` ON `sm_users`.`kode_person` = `sm_pegawai`.`person_kode`
LEFT JOIN `sm_bentuk_pendidikan` ON `sm_bentuk_pendidikan`.`id_bentuk_pendidikan` = `sm_pegawai`.`bentuk_pendidik_id`
LEFT JOIN `sm_jabatan` ON `sm_jabatan`.`id_jabatan` = `sm_pegawai`.`jabatan_id`
WHERE `sm_users`.`sekolah_kode` = \'10001\'', 0)
 2 SYSTEMPATH\Database\BaseConnection.php(738): CodeIgniter\Database\MySQLi\Connection->execute('SELECT `sm_pegawai`.*, `sm_users`.*, `sm_bentuk_pendidikan`.*, `sm_jabatan`.*
FROM `sm_pegawai`
LEFT JOIN `sm_users` ON `sm_users`.`kode_person` = `sm_pegawai`.`person_kode`
LEFT JOIN `sm_bentuk_pendidikan` ON `sm_bentuk_pendidikan`.`id_bentuk_pendidikan` = `sm_pegawai`.`bentuk_pendidik_id`
LEFT JOIN `sm_jabatan` ON `sm_jabatan`.`id_jabatan` = `sm_pegawai`.`jabatan_id`
WHERE `sm_users`.`sekolah_kode` = \'10001\'')
 3 SYSTEMPATH\Database\BaseConnection.php(652): CodeIgniter\Database\BaseConnection->simpleQuery('SELECT `sm_pegawai`.*, `sm_users`.*, `sm_bentuk_pendidikan`.*, `sm_jabatan`.*
FROM `sm_pegawai`
LEFT JOIN `sm_users` ON `sm_users`.`kode_person` = `sm_pegawai`.`person_kode`
LEFT JOIN `sm_bentuk_pendidikan` ON `sm_bentuk_pendidikan`.`id_bentuk_pendidikan` = `sm_pegawai`.`bentuk_pendidik_id`
LEFT JOIN `sm_jabatan` ON `sm_jabatan`.`id_jabatan` = `sm_pegawai`.`jabatan_id`
WHERE `sm_users`.`sekolah_kode` = \'10001\'')
 4 SYSTEMPATH\Database\BaseBuilder.php(1649): CodeIgniter\Database\BaseConnection->query('SELECT `sm_pegawai`.*, `sm_users`.*, `sm_bentuk_pendidikan`.*, `sm_jabatan`.*
FROM `sm_pegawai`
LEFT JOIN `sm_users` ON `sm_users`.`kode_person` = `sm_pegawai`.`person_kode`
LEFT JOIN `sm_bentuk_pendidikan` ON `sm_bentuk_pendidikan`.`id_bentuk_pendidikan` = `sm_pegawai`.`bentuk_pendidik_id`
LEFT JOIN `sm_jabatan` ON `sm_jabatan`.`id_jabatan` = `sm_pegawai`.`jabatan_id`
WHERE `sm_users`.`sekolah_kode` = :sm_users.sekolah_kode:', [...], false)
 5 APPPATH\Models\Model_admin_pegawai.php(24): CodeIgniter\Database\BaseBuilder->get()
 6 APPPATH\Controllers\Admin_pegawai.php(31): App\Models\Model_admin_pegawai->getAll()
 7 SYSTEMPATH\CodeIgniter.php(933): App\Controllers\Admin_pegawai->index()
 8 SYSTEMPATH\CodeIgniter.php(507): CodeIgniter\CodeIgniter->runController(Object(App\Controllers\Admin_pegawai))
 9 SYSTEMPATH\CodeIgniter.php(354): CodeIgniter\CodeIgniter->handleRequest(null, Object(Config\Cache), false)
10 SYSTEMPATH\Boot.php(334): CodeIgniter\CodeIgniter->run()
11 SYSTEMPATH\Boot.php(67): CodeIgniter\Boot::runCodeIgniter(Object(CodeIgniter\CodeIgniter))
12 FCPATH\index.php(59): CodeIgniter\Boot::bootWeb(Object(Config\Paths))
13 SYSTEMPATH\rewrite.php(44): require_once('D:\\wamp64\\www\\app_sekolah_muhammadiyah\\public\\index.php')
DEBUG - 2025-06-02 07:54:31 --> Session: Class initialized using 'CodeIgniter\Session\Handlers\FileHandler' driver.
DEBUG - 2025-06-02 07:54:34 --> Session: Class initialized using 'CodeIgniter\Session\Handlers\FileHandler' driver.
DEBUG - 2025-06-02 07:55:19 --> Session: Class initialized using 'CodeIgniter\Session\Handlers\FileHandler' driver.
DEBUG - 2025-06-02 07:55:20 --> Session: Class initialized using 'CodeIgniter\Session\Handlers\FileHandler' driver.
DEBUG - 2025-06-02 07:55:20 --> Session: Class initialized using 'CodeIgniter\Session\Handlers\FileHandler' driver.
DEBUG - 2025-06-02 07:55:21 --> Session: Class initialized using 'CodeIgniter\Session\Handlers\FileHandler' driver.
DEBUG - 2025-06-02 07:55:21 --> Session: Class initialized using 'CodeIgniter\Session\Handlers\FileHandler' driver.
DEBUG - 2025-06-02 07:55:21 --> Session: Class initialized using 'CodeIgniter\Session\Handlers\FileHandler' driver.
DEBUG - 2025-06-02 07:55:21 --> Session: Class initialized using 'CodeIgniter\Session\Handlers\FileHandler' driver.
DEBUG - 2025-06-02 07:55:22 --> Session: Class initialized using 'CodeIgniter\Session\Handlers\FileHandler' driver.
DEBUG - 2025-06-02 07:55:35 --> Session: Class initialized using 'CodeIgniter\Session\Handlers\FileHandler' driver.
DEBUG - 2025-06-02 07:55:51 --> Session: Class initialized using 'CodeIgniter\Session\Handlers\FileHandler' driver.
DEBUG - 2025-06-02 07:57:23 --> Session: Class initialized using 'CodeIgniter\Session\Handlers\FileHandler' driver.
DEBUG - 2025-06-02 07:57:36 --> Session: Class initialized using 'CodeIgniter\Session\Handlers\FileHandler' driver.
DEBUG - 2025-06-02 07:57:41 --> Session: Class initialized using 'CodeIgniter\Session\Handlers\FileHandler' driver.
DEBUG - 2025-06-02 07:58:52 --> Session: Class initialized using 'CodeIgniter\Session\Handlers\FileHandler' driver.
DEBUG - 2025-06-02 07:58:52 --> Session: Class initialized using 'CodeIgniter\Session\Handlers\FileHandler' driver.
DEBUG - 2025-06-02 07:59:36 --> Session: Class initialized using 'CodeIgniter\Session\Handlers\FileHandler' driver.
DEBUG - 2025-06-02 07:59:40 --> Session: Class initialized using 'CodeIgniter\Session\Handlers\FileHandler' driver.
DEBUG - 2025-06-02 07:59:51 --> Session: Class initialized using 'CodeIgniter\Session\Handlers\FileHandler' driver.
DEBUG - 2025-06-02 07:59:53 --> Session: Class initialized using 'CodeIgniter\Session\Handlers\FileHandler' driver.
DEBUG - 2025-06-02 07:59:55 --> Session: Class initialized using 'CodeIgniter\Session\Handlers\FileHandler' driver.
